---
source: crates/board-tui/tests/snapshots.rs
expression: in_mode
---
"┌ Todo · 1 · manual ─────────┐┌ Execute · 2 · auto ────────┐┌ Plan · 1 · auto ───────────┐┌ Review · 2 · auto ─────────┐"
"│▌ Update docs               ││▌ Fix flaky test            ││▌ Add retry to MELI scraper ││▌ Refactor auth module      │"
"│  · idle · claude           ││  ⧗ queued · claude         ││  ▶ running · 2m0s · claude/││  ✗ failed · claude/opus    │"
"│                            ││                            ││                            ││                            │"
"│                            ││▌ Investigate crash         ││                            ││▌ Tune retry backoff        │"
"│                            ││  ⏸ blocked · claude        ││                            ││  ? awaiting · claude       │"
"│                            ││                            ││                            ││                            │"
"│                            ││                            ││                            ││                            │"
"│                            ││                            ││                            ││                            │"
"│                            ││                            ││                            ││                            │"
"│                            ││                            ││                            ││                            │"
"│                            ││                            ││                            ││                            │"
"│                            ││                            ││                            ││                            │"
"│                            ││                            ││                            ││                            │"
"│                            ││                            ││                            ││                            │"
"│                            ││┌ Move column ───────────────────────────────────────────┐││                            │"
"│                            │││      ←/→ reorder Plan · Enter confirm · Esc cancel     │││                            │"
"│                            ││└────────────────────────────────────────────────────────┘││                            │"
"│                            ││                            ││                            ││                            │"
"│                            ││                            ││                            ││                            │"
"│                            ││                            ││                            ││                            │"
"│                            ││                            ││                            ││                            │"
"│                            ││                            ││                            ││                            │"
"│                            ││                            ││                            ││                            │"
"│                            ││                            ││                            ││                            │"
"│                            ││                            ││                            ││                            │"
"│                            ││                            ││                            ││                            │"
"│                            ││                            ││                            ││                            │"
"│                            ││                            ││                            ││                            │"
"│                            ││                            ││                            ││                            │"
"│                            ││                            ││                            ││                            │"
"│                            ││                            ││                            ││                            │"
"│                            ││                            ││                            ││                            │"
"└────────────────────────────┘└────────────────────────────┘└────────────────────────────┘└────────────────────────────┘"
"? help                                                                                                                  "
