---
source: crates/board-tui/tests/snapshots.rs
expression: "render(&mut d, 80, 24)"
---
"┌ New column (Tab: field · Enter: save · Esc: cancel) ─────────────────────────┐"
"│name                                                                         ▲│"
"│▏                                                                            █│"
"│trigger                                                                      █│"
"│< auto >                                                                     █│"
"│system prompt  (Ctrl+E: $EDITOR)                                             █│"
"│                                                                             █│"
"│                                                                             █│"
"│                                                                             █│"
"│                                                                             █│"
"│on success                                                                   ││"
"│< none >                                                                     ││"
"│on fail                                                                      ││"
"│< none >                                                                     ││"
"│fresh session                                                                ││"
"│< no >                                                                       ││"
"│model override                                                               ││"
"│                                                                             ││"
"│effort override                                                              ││"
"│< (default) >                                                                ││"
"│                                                                             ▼│"
"│[ Save ]  [ Cancel ]                                                          │"
"└──────────────────────────────────────────────────────────────────────────────┘"
"? help                                                                          "
