---
source: crates/board-tui/tests/snapshots.rs
expression: "render(&mut d, 80, 24)"
---
"┌ Todo (manual) ─────────┐┌ Plan (auto) ───────────┐┌ Execute (auto) ────────┐  "
"│Update docs┌ New column (Tab: field · Enter: save · Esc: cancel) ─┐         │  "
"│· idle     │name                                                  │         │  "
"│           │▏                                                     │         │  "
"│           │trigger                                               │sh       │  "
"│           │system prompt  (Ctrl+E: $EDITOR)                      │         │  "
"│           │                                                      │         │  "
"│           │on success                                            │         │  "
"│           │< none >                                              │         │  "
"│           │on fail                                               │         │  "
"│           │< none >                                              │         │  "
"│           │fresh session                                         │         │  "
"│           │model override                                        │         │  "
"│           │                                                      │         │  "
"│           │effort override                                       │         │  "
"│           │< none >                                              │         │  "
"│           │harness override                                      │         │  "
"│           │                                                      │         │  "
"│           │permission override                                   │         │  "
"│           │timeout (minutes)                                     │         │  "
"│           │                                                      │         │  "
"│           └──────────────────────────────────────────────────────┘         │  "
"└────────────────────────┘└────────────────────────┘└────────────────────────┘  "
"Tab field · Ctrl+E editor · Enter save · Esc cancel                             "
