---
source: crates/board-tui/tests/snapshots.rs
expression: output
---
" ◈ herdr-board          [ Board: Global ▾ ]         "
"            Visible: [ Active ] [ All ] [ Archived ]"
"[ ‹ ]      [ Todo · 1/6 · 2 cards · ▶1 ]       [ › ]"
"────────────────────────────────────────────────────"
"┌ Edit card ─────────────────────────────────[ X ]─┐"
"│┌ Task ─────────────────────────────────────────┐▲│"
"││  title                                        │█│"
"││Long description demo                          │█│"
"││▌ description (base prompt) [ $EDITOR ]        │█│"
"││▏This is the first paragraph of an             │█│"
"││intentionally long card description that must  │││"
"││word-wrap across many rendered rows instead of │││"
"││being cut off, which is exactly the bug this   │││"
"││change fixes for multiline text fields inside  │││"
"│└───────────────────────────────────────────────┘││"
"│                                                 ││"
"│                                                 ││"
"│                                                 ▼│"
"│        [ Save ]                [ Cancel ]        │"
"└──────────────────────────────────────────────────┘"
" [ + New card ]    [ Open card ]   [ Archive card ] "
"[ + New column ]  [ Edit column ]  [ Delete column ]"
" [ Move column ]    [ Template ]      [ ? Help ]    "
"Tab fields · Enter save · Esc cancel                "
