---
source: crates/board-tui/tests/snapshots.rs
expression: output
---
"[ Project: Gl… ] [ Act ] [ All ] [ Arc ]"
"            [ Board: main ]             "
"[ ‹ ] [ Todo (M) · 1/6 · 1 cards ] [ › ]"
"────────────────────────────────────────"
"┌ Switch project ────────────────[ X ]─┐"
"│›Global                               │"
"│ project — /work/alpha/project        │"
"│ project — /Volumes/archive/project   │"
"│ scope —                              │"
"│/private/tmp/hb-visual.HWoEPU/scope   │"
"│ ＋ New project                       │" Hidden by multi-width symbols: [(3, " ")]
"│                                      │"
"│                                      │"
"│                                      │"
"│                                      │"
"│                                      │"
"└──────────────────────────────────────┘"
" [ + Card ]  [ Open card ]  [ Archive ] "
"[ + Column ]  [ Edit col ]  [ Del col ] "
"[ Move col ]  [ Template ]  [ ? Help ]  "
