---
source: crates/board-tui/tests/snapshots.rs
expression: "render(&mut d, 80, 24)"
---
"┌ TODO · MANUAL · 1 ──────┐┌ PLAN · AUTO · 1 ────────┐┌ EXECUTE · AUTO · 2 ────┐"
"│┌───────────────────────┐││┌───────────────────────┐││┌──────────────────────┐│"
"││· #1 Update docs───────││││▶ #2 Add retry to MELI…││││⧗ #3 Fix flaky test───││"
"││· idle                 ││││▶ running · 2m0s       ││││⧗ queued              ││"
"││claude  [Edit] [Delete]││││claude… [Edit] [Delete]││││claude [Edit] [Delete]││"
"│└───────────────────────┘││└───────────────────────┘││└──────────────────────┘│"
"│                         ││                         ││┌──────────────────────┐│"
"│                         ││                         │││⏸ #4 Investigate crash││"
"│                 ┌ Move cards to which column? ────[Close]─┐cked             ││"
"│                 │›Plan                                    │e [Edit] [Delete]││"
"│                 │ Execute                                 │─────────────────┘│"
"│                 │ Review                                  │                  │"
"│                 │ Human Review                            │                  │"
"│                 │ Done                                    │                  │"
"│                 └─────────────────────────────────────────┘                  │"
"│                         ││                         ││                        │"
"│                         ││                         ││                        │"
"│                         ││                         ││                        │"
"│                         ││                         ││                        │"
"│                         ││                         ││                        │"
"│                         ││                         ││                        │"
"│                         ││                         ││                        │"
"└─────────────────────────┘└─────────────────────────┘└────────────────────────┘"
"? help                                                                          "
