---
source: crates/board-tui/tests/snapshots.rs
expression: "render_sized(&mut d, w, h)"
---
" ◈ herdr-board    [ Board: Global ▾ ]   "
"Visible: [ Active ] [ All ] [ Archived ]"
"[ ‹ ][ Todo · 1/6 · 1 cards · ▶1 ] [ › ]"
"────────────────────────────────────────"
"┌ Columns ───────────────────────[ X ]─┐"
"│ Todo  1                              │"
"│ Plan  1                              │"
"│ Execute  2                           │"
"│ Review  2                            │"
"│ Human Review  0                      │"
"│ Done  2                              │"
"│ ⇄  Switch board  →                   │"
"│ ⊞  Apply template                    │"
"│                                      │"
"│                                      │"
"└──────────────────────────────────────┘"
" [ + Card ]  [ Open card ]  [ Archive ] "
"[ + Column ]  [ Edit col ]  [ Del col ] "
"[ Move col ]  [ Template ]  [ ? Help ]  "
"? help                                  "
