---
source: crates/board-tui/tests/snapshots.rs
expression: "render_sized(&mut d, w, h)"
---
"┌ Confirm ─────────────────────────[×]─┐"
"│                                      │"
"│                                      │"
"│                                      │"
"│                                      │"
"│                                      │"
"│                                      │"
"│                                      │"
"│           Delete this card?          │"
"│                                      │"
"│                                      │"
"│                                      │"
"│                                      │"
"│                                      │"
"│                                      │"
"│                                      │"
"│                                      │"
"│     [ [Yes] ]          [ [No] ]      │"
"└──────────────────────────────────────┘"
"? help                                  "
