---
source: crates/board-tui/tests/snapshots.rs
expression: "render_sized(&mut d, w, h)"
---
"[ Project: Gl… ] [ Act ] [ All ] [ Arc ]"
"            [ Board: main ]             "
"[ ‹ ] [ Todo (M) · 1/6 · 1 cards ] [ › ]"
"────────────────────────────────────────"
"┌ Switch board ──────────────────[ X ]─┐"
"│›main                                 │"
"│ ⇄ Other projects…                    │"
"│ ＋ New board                         │" Hidden by multi-width symbols: [(3, " ")]
"│                                      │"
"│                                      │"
"│                                      │"
"│                                      │"
"│                                      │"
"│                                      │"
"│                                      │"
"│                                      │"
"└──────────────────────────────────────┘"
" [ + Card ]  [ Open card ]  [ Archive ] "
"[ + Column ]  [ Edit col ]  [ Del col ] "
"[ Move col ]  [ Template ]  [ ? Help ]  "
