---
source: crates/board-tui/tests/snapshots.rs
expression: "render_sized(&mut d, w, h)"
---
" ◈ herdr-board    [ Board: Global ▾ ]   "
"Visible: [ Active ] [ All ] [ Archived ]"
"[ ‹ ][ Review · 4/6 · 2 cards · … ][ › ]"
"────────────────────────────────────────"
"┌ Card #5: Refactor auth m… [ X ] [ □ ]┐"
"│┌Status──────────────────────────────┐│"
"││✗ failed                            ││"
"│└────────────────────────────────────┘│"
"│┌Task Configuration──────────────────┐│"
"││Harness · Model: claude · opus · ef…││"
"││Herdr session: default · Space: wor…││"
"│└────────────────────────────────────┘│"
"│  [ Edit ]    [ Archive ]    [ Add ]  │"
"│ [ Open ]    [ Retry ]    [ Cancel ]  │"
"│                                      │"
"└──────────────────────────────────────┘"
" [ + Card ]  [ Open card ]  [ Archive ] "
"[ + Column ]  [ Edit col ]  [ Del col ] "
"[ Move col ]  [ Template ]  [ ? Help ]  "
"q/Esc close · f popup/fullscreen · ? he…"
