---
source: crates/board-tui/tests/snapshots.rs
expression: "render_sized(&mut d, w, h)"
---
"┌ TODO · MANUAL · 1 ──────┐┌ PLAN · AUTO · 1 ────────┐┌ EXECUTE · AUTO · 2 ────┐"
"│┌───────────────────────┐││┌───────────────────────┐││┌──────────────────────┐│"
"││· #1 Update docs───────││││▶ #2 Add retry to MELI…││││⧗ #3 Fix flaky test───││"
"││· idle                 ││││▶ running · 2m0s       ││││⧗ queued              ││"
"││claude  [Edit] [┌ Columns (j/k move · Enter open · [Close]s┐ [Edit] [Delete]││"
"│└────────────────│ Todo  1                                  │────────────────┘│"
"│                 │ Plan  1                                  │────────────────┐│"
"│                 │ Execute  2                               │nvestigate crash││"
"│                 │ Review  2                                │ked             ││"
"│                 │ Human Review  0                          │ [Edit] [Delete]││"
"│                 │ Done  2                                  │────────────────┘│"
"│                 │ ⇄  Switch board  →                       │                 │"
"│                 │ ⊞  Apply template                        │                 │"
"│                 │                                          │                 │"
"│                 │                                          │                 │"
"│                 │                                          │                 │"
"│                 │                                          │                 │"
"│                 └──────────────────────────────────────────┘                 │"
"│                         ││                         ││                        │"
"│                         ││                         ││                        │"
"│                         ││                         ││                        │"
"│                         ││                         ││                        │"
"└─────────────────────────┘└─────────────────────────┘└────────────────────────┘"
"? help                                                                          "
