---
source: crates/board-tui/tests/snapshots.rs
expression: "render(&mut narrow, 80, 24)"
---
"┌ Todo · 1 · manual ──────┐┌ Plan · 1 · auto ────────┐┌ Execute · 2 · auto ────┐"
"│▌ Update docs            ││▌ Add retry to MELI scra…││▌ Fix flaky test        │"
"│  · idle · claude        ││  ▶ running · 2m0s · clau││  ⧗ queued · claude     │"
"│                         ││                         ││                        │"
"│                         ││                         ││▌ Investigate crash     │"
"│                         ││                         ││  ⏸ blocked · claude    │"
"│                         ││                         ││                        │"
"│                         ││                         ││                        │"
"│                         ││                         ││                        │"
"│                    ┌ Switch board (Enter/Esc) ──────────┐                    │"
"│                    │ Global                             │                    │"
"│                    │ project — /Volumes/archive/project │                    │"
"│                    │ project — /work/alpha/project      │                    │"
"│                    └────────────────────────────────────┘                    │"
"│                         ││                         ││                        │"
"│                         ││                         ││                        │"
"│                         ││                         ││                        │"
"│                         ││                         ││                        │"
"│                         ││                         ││                        │"
"│                         ││                         ││                        │"
"│                         ││                         ││                        │"
"│                         ││                         ││                        │"
"└─────────────────────────┘└─────────────────────────┘└────────────────────────┘"
"? help                                                                          "
