---
source: crates/board-tui/tests/snapshots.rs
expression: "render(&mut d, 80, 24)"
---
"┌ Todo · 1 · manual ──────┐┌ Plan · 1 · auto ────────┐┌ Execute · 2 · auto ────┐"
"┌ Edit card (Tab: field · Enter: save · Esc: cancel) ──────────────────────────┐"
"│title                                                                         │"
"│Add retry to MELI scraper▏                                                    │"
"│description (base prompt)  (Ctrl+E: $EDITOR)                                  │"
"│Add exponential backoff to the MELI scraper HTTP client.                      │"
"│                                                                              │"
"│                                                                              │"
"│harness                                                                       │"
"│< claude >                                                                    │"
"│model                                                                         │"
"│< sonnet >                                                                    │"
"│effort                                                                        │"
"│< high >                                                                      │"
"│permission                                                                    │"
"│< acceptEdits >                                                               │"
"│session                                                                       │"
"│< (default) >                                                                 │"
"│space                                                                         │"
"│< workspace >                                                                 │"
"│space ref                                                                     │"
"│< MELI scraper (w4) >                                                         │"
"└──────────────────────────────────────────────────────────────────────────────┘"
"? help                                                                          "
