---
source: crates/board-tui/tests/snapshots.rs
expression: "render(&mut d, 80, 24)"
---
" ◈ herdr-board ● 1 running [ Glo… ▾ ][ main ▾ ]  [ Active ] [ All ] [ Archived ]"
"────────────────────────────────────────────────────────────────────────────────"
"┌ New card  ·  Tab: field · Enter: save · Esc: cancel ─────────────────────────┐"
"│┌ Task ─────────────────────────────────────────────────────────────────────┐▲│"
"││▌ title                                                                    │█│"
"││▏                                                                          │█│"
"││  description (base prompt) [ $EDITOR ]                                    │█│"
"││                                                                           │█│"
"││                                                                           │█│"
"││                                                                           │││"
"││                                                                           │││"
"│└───────────────────────────────────────────────────────────────────────────┘││"
"│                                                                             ││"
"│                                                                             ││"
"│                                                                             ││"
"│                                                                             ││"
"│                                                                             ││"
"│                                                                             ││"
"│                                                                             ││"
"│                                                                             ▼│"
"│               [ Save ]                              [ Cancel ]               │"
"└──────────────────────────────────────────────────────────────────────────────┘"
" [ + New card ]  [ Open card ]  [ Archive card ][ + New column ][ Edit column ] "
" [ Delete column ]    [ Move column ]       [ Template ]         [ ? Help ]     "
