---
source: crates/board-tui/tests/snapshots.rs
expression: "render(&mut d, 80, 24)"
---
"┌ Card #6: Tune retry backoff                                    [f Fullscreen]┐"
"│status────────────────────────────────────────────────────────────────────────│"
"│? awaiting (agent reported done)   harness: claude   model: default   effort: │"
"│permission: default   session: default   space: workspace:-                   │"
"│description───────────────────────────────────────────────────────────────────│"
"│Tune the backoff constants based on the new metrics.                          │"
"│                                                                              │"
"│                                                                              │"
"│                                                                              │"
"│                                                                              │"
"│                                                                              │"
"│                                                                              │"
"│                                                                              │"
"│                                                                              │"
"│                                                                              │"
"│                                                                              │"
"│                                                                              │"
"│                                                                              │"
"│comments──────────────────────────────────────────────────────────────────────│"
"│(no comments)                                                                 │"
"│runs──────────────────────────────────────────────────────────────────────────│"
"│#4 claude · active · 0s                                                       │"
"└──────────────────────────────────────────────────────────────────────────────┘"
"? help                                                                          "
