---
source: crates/board-tui/tests/snapshots.rs
expression: "render(&mut d, 80, 24)"
---
" ◈ herdr-board ● 1 running     [ Global ▾ ]      [ Active ] [ All ] [ Archived ]"
"────────────────────────────────────────────────────────────────────────────────"
"┌ New card  ·  f: fullscreen  ·  Tab: field · Enter: save · Esc: cancel ───────┐"
"│┌ Agent ────────────────────────────────────────────────────────────────────┐▲│"
"││▌ harness                                                                  │││"
"││[ ‹ ]  pi  [ › ]                                                           │││"
"││  model                                                                    │││"
"││[ ‹ ]  default model  [ › ]                                                │││"
"││  effort                                                                   │█│"
"││[ ‹ ]  default effort  [ › ]                                               │█│"
"│└───────────────────────────────────────────────────────────────────────────┘█│"
"│┌ Execution Target ─────────────────────────────────────────────────────────┐█│"
"││  session                                                                  │█│"
"││[ ‹ ]  default session  [ › ]                                              │█│"
"││  space                                                                    │█│"
"││[ ‹ ]  workspace  [ › ]                                                    │││"
"││  space ref                                                                │││"
"││[ ‹ ]  MELI scraper (w4)  [ › ]                                            │││"
"│└───────────────────────────────────────────────────────────────────────────┘││"
"│                                                                             ▼│"
"│               [ Save ]                              [ Cancel ]               │"
"└──────────────────────────────────────────────────────────────────────────────┘"
" [ + New card ]  [ Open card ]  [ Archive card ][ + New column ][ Edit column ] "
" [ Delete column ]    [ Move column ]       [ Template ]         [ ? Help ]     "
