---
source: crates/board-tui/tests/snapshots.rs
expression: "render(&mut d, 120, 35)"
---
"┌ Execute · 2 · auto ────────┐┌ Review · 1 · auto ─────────┐┌ Human Review · 0 · manual ─┐┌ Done · 1 · manual ─────────┐"
"│▌ Fix flaky test            ││▌ Refactor auth module      ││                            ││▌ Ship v0.1                 │"
"│  ⧗ queued · claude         ││  ✗ failed · claude/opus    ││                            ││  ▣ ARCHIVED · claude       │"
"│                            ││                            ││                            ││                            │"
"│▌ Investigate crash         ││                            ││                            ││                            │"
"│  ⏸ blocked · claude        ││                            ││                            ││                            │"
"│                            ││                            ││                            ││                            │"
"│                            ││                            ││                            ││                            │"
"│                            ││                            ││                            ││                            │"
"│                            ││                            ││                            ││                            │"
"│                            ││                            ││                            ││                            │"
"│                            ││                            ││                            ││                            │"
"│                            ││                            ││                            ││                            │"
"│                            ││                            ││                            ││                            │"
"│                            ││                            ││                            ││                            │"
"│                            ││                            ││                            ││                            │"
"│                            ││                            ││                            ││                            │"
"│                            ││                            ││                            ││                            │"
"│                            ││                            ││                            ││                            │"
"│                            ││                            ││                            ││                            │"
"│                            ││                            ││                            ││                            │"
"│                            ││                            ││                            ││                            │"
"│                            ││                            ││                            ││                            │"
"│                            ││                            ││                            ││                            │"
"│                            ││                            ││                            ││                            │"
"│                            ││                            ││                            ││                            │"
"│                            ││                            ││                            ││                            │"
"│                            ││                            ││                            ││                            │"
"│                            ││                            ││                            ││                            │"
"│                            ││                            ││                            ││                            │"
"│                            ││                            ││                            ││                            │"
"│                            ││                            ││                            ││                            │"
"│                            ││                            ││                            ││                            │"
"└────────────────────────────┘└────────────────────────────┘└────────────────────────────┘└────────────────────────────┘"
"? help                                                                                                                  "
