---
source: crates/board-tui/tests/snapshots.rs
expression: "render_sized(&mut d, w, h)"
---
"┌ Todo · 1 · manual ─────────┐┌ Plan · 1 · auto ───────────┐"
"│▌ Update docs               ││▌ Add retry to MELI scraper │"
"│  · idle · claude           ││  ▶ running · 2m0s · claude/│"
"│                            ││                            │"
"│       ┌ Boards (Enter switch · Esc back) ────────┐       │"
"│       │ Global                                   │       │"
"│       │ project — /Volumes/archive/project       │       │"
"│       │ project — /work/alpha/project            │       │"
"│       │                                          │       │"
"│       │                                          │       │"
"│       │                                          │       │"
"│       │                                          │       │"
"│       │                                          │       │"
"│       │                                          │       │"
"│       │                                          │       │"
"│       │                                          │       │"
"│       │                                          │       │"
"│       └──────────────────────────────────────────┘       │"
"│                            ││                            │"
"│                            ││                            │"
"│                            ││                            │"
"│                            ││                            │"
"└────────────────────────────┘└────────────────────────────┘"
"? help                                                      "
