---
source: crates/board-tui/tests/snapshots.rs
expression: "render(&mut d, 120, 35)"
---
"┌ Todo · 1 · manual ─────────┐┌ Plan · 1 · auto ───────────┐┌ Execute · 2 · auto ────────┐┌ Review · 2 · auto ─────────┐"
"│▌ Update docs               ││▌ Add retry to MELI scraper ││▌ Fix flaky test            ││▌ Refactor auth module      │"
"┌ Card #5: Refactor auth module                                                                          [f Fullscreen]┐"
"│status────────────────────────────────────────────────────────────────────────────────────────────────────────────────│"
"│✗ failed   harness: claude   model: opus   effort: medium                                                             │"
"│permission: plan   session: default   space: workspace:-                                                              │"
"│description───────────────────────────────────────────────────────────────────────────────────────────────────────────│"
"│Split the auth module into token + session layers.                                                                    │"
"│                                                                                                                      │"
"│                                                                                                                      │"
"│                                                                                                                      │"
"│                                                                                                                      │"
"│                                                                                                                      │"
"│                                                                                                                      │"
"│                                                                                                                      │"
"│                                                                                                                      │"
"│                                                                                                                      │"
"│                                                                                                                      │"
"│                                                                                                                      │"
"│                                                                                                                      │"
"│                                                                                                                      │"
"│                                                                                                                      │"
"│                                                                                                                      │"
"│                                                                                                                      │"
"│comments──────────────────────────────────────────────────────────────────────────────────────────────────────────────│"
"│[agent:1] Plan ready at docs/plans/auth.md                                                                            │"
"│[agent:2] Reviewer: tests missing for token refresh                                                                   │"
"│[system] Refactor failed in 3m10s -> Execute                                                                          │"
"│runs──────────────────────────────────────────────────────────────────────────────────────────────────────────────────│"
"│#2 claude · ok · 0s                                                                                                   │"
"│#3 claude · fail · 0s                                                                                                 │"
"└──────────────────────────────────────────────────────────────────────────────────────────────────────────────────────┘"
"│                            ││                            ││                            ││                            │"
"└────────────────────────────┘└────────────────────────────┘└────────────────────────────┘└────────────────────────────┘"
"? help                                                                                                                  "
