---
source: crates/board-tui/tests/snapshots.rs
expression: "render(&mut d, 80, 24)"
---
" ◈ herdr-board ● 1 running     [ Global ▾ ]      [ Active ] [ All ] [ Archived ]"
"────────────────────────────────────────────────────────────────────────────────"
"┌ New card  ·  Tab: field · Enter: save · Esc: cancel ─────────────────────────┐"
"│┌ Task ─────────────────────────────────────────────────────────────────────┐▲│"
"││▌ title                                                                    │█│"
"││▏                                                                          │█│"
"││  description (base prompt) [ $EDITOR ]                                    │█│"
"││                                                                           │█│"
"││                                                                           │█│"
"││                                                                           │█│"
"││                                                                           │█│"
"│└───────────────────────────────────────────────────────────────────────────┘█│"
"│┌ Agent ────────────────────────────────────────────────────────────────────┐││"
"││  harness                                                                  │││"
"││[ ‹ ]  pi  [ › ]                                                           │││"
"││  model                                                                    │││"
"││[ ‹ ]  default model  [ › ]                                                │││"
"││  effort                                                                   │││"
"││[ ‹ ]  default effort  [ › ]                                               │││"
"│└───────────────────────────────────────────────────────────────────────────┘▼│"
"│               [ Save ]                              [ Cancel ]               │"
"└──────────────────────────────────────────────────────────────────────────────┘"
" [ + New card ]  [ Open card ]  [ Archive card ][ + New column ][ Edit column ] "
" [ Delete column ]    [ Move column ]       [ Template ]         [ ? Help ]     "
