---
source: crates/board-tui/tests/snapshots.rs
expression: "render_sized(&mut d, w, h)"
---
" ◈ herdr-board                                  ● 1 running "
"[ Board: Global ▾ ] Visible: [ Active ] [ All ] [ Archived ]"
"────────────────────────────────────────────────────────────"
"┌ Card #1: Update docs                          [ X ] [ □ ]┐"
"│┌Status──────────────────────────────────────────────────┐│"
"││· idle                                                  ││"
"│└────────────────────────────────────────────────────────┘│"
"│┌Task Configuration──────────────────────────────────────┐│"
"││Harness · Model: claude · default · effort default ·    ││"
"││perm default                                            ││"
"│└────────────────────────────────────────────────────────┘│"
"│┌Session─────────────────────────────────────────────────┐│"
"││Herdr session: default · Space: workspace:-             ││"
"│└────────────────────────────────────────────────────────┘│"
"│   [ Edit card ]     [ Archive card ]    [ Add comment ]  │"
"│┌Runs────────────────────────────────────────────────────┐│"
"││    [ Open ]           [ Retry ]          [ Cancel ]    ││"
"│└────────────────────────────────────────────────────────┘│"
"│                                                          │"
"│                                                          │"
"└──────────────────────────────────────────────────────────┘"
" [ + Card ]   [ Open ]  [ Archive ] [ + Column ][ Edit col ]"
"  [ Del col ]  [ Move column ] [ Template ]    [ ? Help ]   "
"q/Esc close · f popup/fullscreen · ? help                   "
