---
source: crates/board-tui/tests/snapshots.rs
expression: "render_sized(&mut d, w, h)"
---
" ◈ herdr-board ● 1 running                          "
"    [ Global ▾ ]     [ Active ] [ All ] [ Archived ]"
"[ ‹ ]       [ Todo (M) · 1/6 · 1 cards ]       [ › ]"
"────────────────────────────────────────────────────"
"┌ Columns ───────────────────────────────────[ X ]─┐"
"│ Todo  1                                          │"
"│ Plan  1                                          │"
"│ Execute  2                                       │"
"│ Review  2                                        │"
"│ Human Review  0                                  │"
"│ Done  2                                          │"
"│ ⇄  Switch board  →                               │"
"│ ⊞  Apply template                                │"
"│                                                  │"
"│                                                  │"
"│                                                  │"
"│                                                  │"
"│                                                  │"
"│                                                  │"
"│                                                  │"
"└──────────────────────────────────────────────────┘"
" [ + New card ]    [ Open card ]   [ Archive card ] "
"[ + New column ]  [ Edit column ]  [ Delete column ]"
" [ Move column ]    [ Template ]      [ ? Help ]    "
