---
source: crates/board-tui/tests/snapshots.rs
expression: "render(&mut d, 120, 35)"
---
"┌ TODO · MANUAL · 2 ─────────┐┌ PLAN · AUTO · 1 ───────────┐┌ EXECUTE · AUTO · 2 ────────┐┌ REVIEW · AUTO · 2 ─────────┐"
"│┌──────────────────────────┐││┌──────────────────────────┐││┌──────────────────────────┐││┌──────────────────────────┐│"
"┌ Card #9: Wrap demo                                                                               [Close] [Fullscreen]┐"
"│┌Status──────────────────────────────────────────────────────────────────────────────────────────────────────────────┐│"
"││· idle                                                                                                              ││"
"│└────────────────────────────────────────────────────────────────────────────────────────────────────────────────────┘│"
"│┌Task Configuration──────────────────────────────────────────────────────────────────────────────────────────────────┐│"
"││Harness · Model: claude · default · effort default · perm default                                                   ││"
"│└────────────────────────────────────────────────────────────────────────────────────────────────────────────────────┘│"
"│┌Session─────────────────────────────────────────────────────────────────────────────────────────────────────────────┐│"
"││Herdr session: default · Space: workspace:-                                                                         ││"
"│└────────────────────────────────────────────────────────────────────────────────────────────────────────────────────┘│"
"│┌Description─────────────────────────────────────────────────────────────────────────────────────────────────────────┐│"
"││This description is intentionally long so it must word-wrap across several rendered rows at the panel borders       ││"
"││instead of being cut off, both inside the centered popup and inside the fullscreen detail view.                     ││"
"││                                                                                                                    ││"
"││                                                                                                                    ││"
"││                                                                                                                    ││"
"││                                                                                                                    ││"
"││                                                                                                                    ││"
"│└────────────────────────────────────────────────────────────────────────────────────────────────────────────────────┘│"
"│                       [ Edit card ]                                            [ Archive card ]                      │"
"│┌Comments ↑──────────────────────────────────────────────────────────────────────────────────────────────────────────┐│"
"││                                                                                                                    ││"
"││                                                                                                                    ││"
"││         Add comment                 Edit comment                 Delete comment                   History          ││"
"│└────────────────────────────────────────────────────────────────────────────────────────────────────────────────────┘│"
"│┌Runs────────────────────────────────────────────────────────────────────────────────────────────────────────────────┐│"
"││(no runs)                                                                                                           ││"
"││            [ Open pane ]                           [ Retry run ]                         [ Cancel run ]            ││"
"│└────────────────────────────────────────────────────────────────────────────────────────────────────────────────────┘│"
"└──────────────────────────────────────────────────────────────────────────────────────────────────────────────────────┘"
"│                            ││                            ││                            ││                            │"
"└────────────────────────────┘└────────────────────────────┘└────────────────────────────┘└────────────────────────────┘"
"? help                                                                                                                  "
