---
source: crates/board-tui/tests/snapshots.rs
expression: "render_sized(&mut d, w, h)"
---
"[ Project: Global ]  [ Active ] [ All ] [ Archived ]"
"                  [ Board: main ]                   "
"[ ‹ ]       [ Todo (M) · 1/6 · 1 cards ]       [ › ]"
"────────────────────────────────────────────────────"
" ┌────────────────────────────────────────────────┐ "
" │#1 Update docs                                  │ "
" │                                          · idle│ "
" │ claude perm: -                                 │ "
" │ - effort: -                                    │ "
" └────────────────────────────────────────────────┘ "
"                                                    "
"                                                    "
"                                                    "
"                                                    "
"                                                    "
"                                                    "
"                                                    "
"                                                    "
"                                                    "
"                                                    "
"                                                    "
" [ + New card ]    [ Open card ]   [ Archive card ] "
"[ + New column ]  [ Edit column ]  [ Delete column ]"
" [ Move column ]    [ Template ]      [ ? Help ]    "
