---
source: crates/board-tui/tests/snapshots.rs
expression: "render_sized(&mut d, w, h)"
---
" ◈ herdr-board ● 1 running                          "
"    [ Global ▾ ]     [ Active ] [ All ] [ Archived ]"
"[ ‹ ]       [ Todo (M) · 1/6 · 1 cards ]       [ › ]"
"────────────────────────────────────────────────────"
"┌ Boards ────────────────────────────────────[ X ]─┐"
"│ Global                                           │"
"│ project — /Volumes/archive/project               │"
"│ project — /work/alpha/project                    │"
"│                                                  │"
"│                                                  │"
"│                                                  │"
"│                                                  │"
"│                                                  │"
"│                                                  │"
"│                                                  │"
"│                                                  │"
"│                                                  │"
"│                                                  │"
"│                                                  │"
"│                                                  │"
"└──────────────────────────────────────────────────┘"
" [ + New card ]    [ Open card ]   [ Archive card ] "
"[ + New column ]  [ Edit column ]  [ Delete column ]"
" [ Move column ]    [ Template ]      [ ? Help ]    "
