---
source: crates/board-tui/tests/snapshots.rs
expression: "render(&mut d, 120, 35)"
---
"┌ Todo · 1 · manual ─────────┐┌ Plan · 1 · auto ───────────┐┌ Execute · 2 · auto ────────┐┌ Review · 1 · auto ─────────┐"
"│▌ Update docs               ││▌ Add retry to MELI scraper ││▌ Fix flaky test            ││▌ Refactor auth module      │"
"┌ Card #5: Refactor auth module                                                                          [f Fullscreen]┐"
"│status────────────────────────────────────────────────────────────────────────────────────────────────────────────────│"
"│✗ failed   harness: claude   model: opus   effort: medium                                                             │"
"│permission: plan   session: default   space: workspace:-                                                              │"
"│description───────────────────────────────────────────────────────────────────────────────────────────────────────────│"
"│Split the auth module into token + session layers.                                                                    │"
"│comments 18 ↑↓────────────────────────────────────────────────────────────────────────────────────────────────────────│"
"│[test] overflow comment 0                                                                                             │"
"│[test] overflow comment 1                                                                                             │"
"│[test] overflow comment 2                                                                                             │"
"│[test] overflow comment 3                                                                                             │"
"│[test] overflow comment 4                                                                                             │"
"│[test] overflow comment 5                                                                                             │"
"│[test] overflow comment 6                                                                                             │"
"│[test] overflow comment 7                                                                                             │"
"│[test] overflow comment 8                                                                                             │"
"│[test] overflow comment 9                                                                                             │"
"│[test] overflow comment 10                                                                                            │"
"│[test] overflow comment 11                                                                                            │"
"│[test] overflow comment 12                                                                                            │"
"│runs 12 ↑↓────────────────────────────────────────────────────────────────────────────────────────────────────────────│"
"│#4 claude · ok · 0s                                                                                                   │"
"│#5 claude · ok · 0s                                                                                                   │"
"│#6 claude · ok · 0s                                                                                                   │"
"│#7 claude · ok · 0s                                                                                                   │"
"│#8 claude · ok · 0s                                                                                                   │"
"│#9 claude · ok · 0s                                                                                                   │"
"│#10 claude · ok · 0s                                                                                                  │"
"│#11 claude · ok · 0s                                                                                                  │"
"└──────────────────────────────────────────────────────────────────────────────────────────────────────────────────────┘"
"│                            ││                            ││                            ││                            │"
"└────────────────────────────┘└────────────────────────────┘└────────────────────────────┘└────────────────────────────┘"
"e edit card · c comment · Tab comments/runs · ↑/↓ scroll · f fullscreen · o jump · x cancel · r retry · Esc back        "
