---
source: crates/board-tui/tests/snapshots.rs
expression: "render_sized(&mut d, w, h)"
---
" ◈ herdr-board ● 1 running [ Glo… ▾ ][ main ▾ ]  [ Active ] [ All ] [ Archived ]"
"────────────────────────────────────────────────────────────────────────────────"
"┌ TODO · MANUAL · 1 ──────┐┌ PLAN · AUTO · 1 ────────┐┌ EXECUTE · AUTO · 2 ────┐"
"│┌───────────────────────┐││┌───────────────────────┐││┌──────────────────────┐│"
"││#1 Update docs         ││││#2 Add retry to MELI s…││││#3 Fix flaky test     ││"
"││· idle          ┌ Columns (j/k move · Enter open · Es[ X ]s┐ed              ││"
"││claude          │ Todo  1                                  │                ││"
"│└────────────────│ Plan  1                                  │────────────────┘│"
"│                 │ Execute  2                               │────────────────┐│"
"│                 │ Review  2                                │estigate crash  ││"
"│                 │ Human Review  0                          │ked             ││"
"│                 │ Done  2                                  │                ││"
"│                 │ ⇄  Switch board  →                       │────────────────┘│"
"│                 │ ⊞  Apply template                        │                 │"
"│                 │                                          │                 │"
"│                 │                                          │                 │"
"│                 │                                          │                 │"
"│                 │                                          │                 │"
"│                 └──────────────────────────────────────────┘                 │"
"│                         ││                         ││                        │"
"│                         ││                         ││                        │"
"└─────────────────────────┘└─────────────────────────┘└────────────────────────┘"
" [ + New card ]  [ Open card ]  [ Archive card ][ + New column ][ Edit column ] "
" [ Delete column ]    [ Move column ]       [ Template ]         [ ? Help ]     "
