---
source: crates/board-tui/tests/snapshots.rs
expression: "render(&mut d, 80, 24)"
---
"┌ Edit card  ·  f: fullscreen  ·  Tab: field · Enter: save · Esc: cancel ──────┐"
"│┌───────────────────────────────────────────────────────────────────────────┐▲│"
"│▌ title                                                                      █│"
"│▏Add retry to MELI scraper                                                   █│"
"│  description (base prompt) [$EDITOR]                                        █│"
"│Add exponential backoff to the MELI scraper HTTP client.                     █│"
"│                                                                             █│"
"│                                                                             █│"
"│                                                                             █│"
"│┌───────────────────────────────────────────────────────────────────────────┐█│"
"│  harness                                                                    █│"
"│[‹]  claude  [›]                                                             ││"
"│  model                                                                      ││"
"│[‹]  sonnet  [›]                                                             ││"
"│  effort                                                                     ││"
"│[‹]  high  [›]                                                               ││"
"│  permission                                                                 ││"
"│[‹]  acceptEdits  [›]                                                        ││"
"│┌───────────────────────────────────────────────────────────────────────────┐││"
"│  session                                                                    ││"
"│[‹]  (default)  [›]                                                          ▼│"
"│               [ Save ]                              [ Cancel ]               │"
"└──────────────────────────────────────────────────────────────────────────────┘"
"Tab fields · Enter save · Esc cancel                                            "
