---
source: crates/board-tui/tests/snapshots.rs
expression: "render(&mut d, 80, 24)"
---
"┌ Card #8: Write changelog                                       [f Fullscreen]┐"
"│status────────────────────────────────────────────────────────────────────────│"
"│✓ done                                                                        │"
"│harness: claude   model: default   effort: default                            │"
"│permission: default   session: default   space: workspace:-                   │"
"│description───────────────────────────────────────────────────────────────────│"
"│Draft the changelog for the release.                                          │"
"│                                                                              │"
"│                                                                              │"
"│                                                                              │"
"│                                                                              │"
"│                                                                              │"
"│                                                                              │"
"│                                                                              │"
"│                                                                              │"
"│                                                                              │"
"│                                                                              │"
"│                                                                              │"
"│comments──────────────────────────────────────────────────────────────────────│"
"│(no comments)                                                                 │"
"│runs──────────────────────────────────────────────────────────────────────────│"
"│(no runs)                                                                     │"
"└──────────────────────────────────────────────────────────────────────────────┘"
"? help                                                                          "
