---
source: crates/board-tui/tests/snapshots.rs
expression: "render_sized(&mut d, w, h)"
---
" ◈ herdr-board                                                      ● 1 running "
"          [ Board: Global ▾ ]           Visible: [ Active ] [ All ] [ Archived ]"
"────────────────────────────────────────────────────────────────────────────────"
"┌ TODO · MANUAL · 1 ──────┐┌ PLAN · AUTO · 1 ────────┐┌ EXECUTE · AUTO · 2 ────┐"
"│┌───────────────────────┐││┌───────────────────────┐││┌──────────────────────┐│"
"││#1 Update docs  ┌ Boards (Enter switch · Esc back)[ Back ]─┐ flaky test     ││"
"││· idle          │ Global                                   │ed              ││"
"││claude          │ project — /Volumes/archive/project       │                ││"
"│└────────────────│ project — /work/alpha/project            │────────────────┘│"
"│                 │                                          │────────────────┐│"
"│                 │                                          │estigate crash  ││"
"│                 │                                          │ked             ││"
"│                 │                                          │                ││"
"│                 │                                          │────────────────┘│"
"│                 │                                          │                 │"
"│                 │                                          │                 │"
"│                 │                                          │                 │"
"│                 │                                          │                 │"
"│                 └──────────────────────────────────────────┘                 │"
"│                         ││                         ││                        │"
"└─────────────────────────┘└─────────────────────────┘└────────────────────────┘"
" [ + New card ]  [ Open card ]  [ Archive card ][ + New column ][ Edit column ] "
" [ Delete column ]    [ Move column ]       [ Template ]         [ ? Help ]     "
"? help                                                                          "
