---
source: crates/board-tui/tests/snapshots.rs
expression: "render_sized(&mut d, w, h)"
---
" ◈ herdr-board                                                      ● 1 running "
"          [ Board: Global ▾ ]           Visible: [ Active ] [ All ] [ Archived ]"
"────────────────────────────────────────────────────────────────────────────────"
"┌ TODO · MANUAL · 1 ──────┐┌ PLAN · AUTO · 1 ────────┐┌ EXECUTE · AUTO · 2 ────┐"
"│┌───────────────────────┐││┌───────────────────────┐││┌──────────────────────┐│"
"││#1 Update docs         ││││#2 Add retry to MELI s…││││#3 Fix flaky test     ││"
"││· idle                 ││││▶ running · 2m0s       ││││⧗ queued              ││"
"││claude                 ││││claude · eff: high     ││││claude                ││"
"│└───┌ Move card to column (Global)  · b other board ───────────[ Close ]─┐───┘│"
"│    │›Plan                                                              ▲│───┐│"
"│    │ Execute                                                           █│h  ││"
"│    │ Review                                                            ││   ││"
"│    │ Human Review                                                      ▼│   ││"
"│    │                          [ Other board ]                           │───┘│"
"│    └────────────────────────────────────────────────────────────────────┘    │"
"│                         ││                         ││                        │"
"│                         ││                         ││                        │"
"│                         ││                         ││                        │"
"│                         ││                         ││                        │"
"│                         ││                         ││                        │"
"└─────────────────────────┘└─────────────────────────┘└────────────────────────┘"
" [ + New card ]  [ Open card ]  [ Archive card ][ + New column ][ Edit column ] "
" [ Delete column ]    [ Move column ]       [ Template ]         [ ? Help ]     "
"? help                                                                          "
