---
source: crates/board-tui/tests/snapshots.rs
expression: "render_sized(&mut d, w, h)"
---
" ◈ herdr-board    [ Board: Global ▾ ]   "
"Visible: [ Active ] [ All ] [ Archived ]"
"[ ‹ ][ Todo · 1/6 · 1 cards · ▶1 ] [ › ]"
"────────────────────────────────────────"
"┌ Card #1: Update docs      [ X ] [ □ ]┐"
"│┌Status──────────────────────────────┐│"
"││· idle                              ││"
"│└────────────────────────────────────┘│"
"│┌Task Configuration──────────────────┐│"
"││Harness · Model: claude · default ·…││"
"││Herdr session: default · Space: wor…││"
"│└────────────────────────────────────┘│"
"│  [ Edit ]    [ Archive ]    [ Add ]  │"
"│ [ Open ]    [ Retry ]    [ Cancel ]  │"
"│                                      │"
"└──────────────────────────────────────┘"
" [ + Card ]  [ Open card ]  [ Archive ] "
"[ + Column ]  [ Edit col ]  [ Del col ] "
"[ Move col ]  [ Template ]  [ ? Help ]  "
"q/Esc close · f popup/fullscreen · ? he…"
