---
source: crates/board-tui/tests/snapshots.rs
expression: output
---
" ◈ herdr-board                                                                                              ● 1 running "
"                              [ Board: Global ▾ ]                               Visible: [ Active ] [ All ] [ Archived ]"
"────────────────────────────────────────────────────────────────────────────────────────────────────────────────────────"
"┌ Card #6: Tune retry backoff                                                                               [ X ] [ □ ]┐"
"│┌Status──────────────────────────────────────────────────────────────────────────────────────────────────────────────┐│"
"││? awaiting (agent reported done)                                                                                    ││"
"│└────────────────────────────────────────────────────────────────────────────────────────────────────────────────────┘│"
"│┌Task Configuration──────────────────────────────────────────────────────────────────────────────────────────────────┐│"
"││Harness · Model: claude · default · effort default · perm default                                                   ││"
"│└────────────────────────────────────────────────────────────────────────────────────────────────────────────────────┘│"
"│┌Session─────────────────────────────────────────────────────────────────────────────────────────────────────────────┐│"
"││Herdr session: default · Space: workspace:-                                                                         ││"
"│└────────────────────────────────────────────────────────────────────────────────────────────────────────────────────┘│"
"│┌Description─────────────────────────────────────────────────────────────────────────────────────────────────────────┐│"
"││Tune the backoff constants based on the new metrics.                                                                ││"
"││                                                                                                                    ││"
"││                                                                                                                    ││"
"││                                                                                                                    ││"
"││                                                                                                                    ││"
"││                                                                                                                    ││"
"││                                                                                                                    ││"
"││                                                                                                                    ││"
"││                                                                                                                    ││"
"││                                                                                                                    ││"
"│└────────────────────────────────────────────────────────────────────────────────────────────────────────────────────┘│"
"│             [ Edit card ]                         [ Archive card ]                       [ Confirm done ]            │"
"│┌Comments────────────────────────────────────────────────────────────────────────────────────────────────────────────┐│"
"││                                                  [ Add comment ]                                                   ││"
"│└────────────────────────────────────────────────────────────────────────────────────────────────────────────────────┘│"
"│┌Runs────────────────────────────────────────────────────────────────────────────────────────────────────────────────┐│"
"││              [ Open ]                               [ Retry ]                              [ Cancel ]              ││"
"│└────────────────────────────────────────────────────────────────────────────────────────────────────────────────────┘│"
"└──────────────────────────────────────────────────────────────────────────────────────────────────────────────────────┘"
" [ + Card ]  [ Open card ]  [ Archive ] [ + Column ]  [ Edit col ]  [ Del col ] [ Move col ]  [ Template ]  [ ? Help ]  "
"q/Esc close · f popup/fullscreen · ? help                                                                               "
