---
source: crates/board-tui/tests/snapshots.rs
assertion_line: 132
expression: "render(&mut d, 80, 24)"
---
"┌ Todo · 1 · manual ──────┐┌ Plan · 1 · auto ────────┐┌ Execute · 2 · auto ────┐"
"┌ New card (Tab: field · Enter: save · Esc: cancel) ───────────────────────────┐"
"│title                                                                         │"
"│▏                                                                             │"
"│description (base prompt)  (Ctrl+E: $EDITOR)                                  │"
"│                                                                              │"
"│                                                                              │"
"│                                                                              │"
"│harness                                                                       │"
"│< pi >                                                                        │"
"│model                                                                         │"
"│< (custom) >                                                                  │"
"│custom model                                                                  │"
"│openai-codex/example                                                          │"
"│effort                                                                        │"
"│< low >                                                                       │"
"│session                                                                       │"
"│< (default) >                                                                 │"
"│space                                                                         │"
"│< workspace >                                                                 │"
"│space ref                                                                     │"
"│< MELI scraper (w4) >                                                         │"
"└──────────────────────────────────────────────────────────────────────────────┘"
"? help                                                                          "
