---
source: crates/board-tui/tests/snapshots.rs
expression: output
---
"┌ Card #9: Silent agent                                    [Close] [Fullscreen]┐"
"│┌Status──────────────────────────────────────────────────────────────────────┐│"
"││? awaiting (idle timeout)                                                   ││"
"│└────────────────────────────────────────────────────────────────────────────┘│"
"│┌Task Configuration──────────────────────────────────────────────────────────┐│"
"││Harness · Model: claude · default · effort default · perm default           ││"
"│└────────────────────────────────────────────────────────────────────────────┘│"
"│┌Session─────────────────────────────────────────────────────────────────────┐│"
"││Herdr session: default · Space: workspace:-                                 ││"
"│└────────────────────────────────────────────────────────────────────────────┘│"
"│┌Description─────────────────────────────────────────────────────────────────┐│"
"││Went idle without reporting back.                                           ││"
"│└────────────────────────────────────────────────────────────────────────────┘│"
"│       [ Edit card ]           [ Archive card ]          [ Confirm done ]     │"
"│┌Comments────────────────────────────────────────────────────────────────────┐│"
"││(no comments)                                                               ││"
"││                                 Add comment                                ││"
"│└────────────────────────────────────────────────────────────────────────────┘│"
"│┌Runs────────────────────────────────────────────────────────────────────────┐│"
"││(no runs)                                                                   ││"
"││      [ Open pane ]             [ Retry run ]            [ Cancel run ]     ││"
"│└────────────────────────────────────────────────────────────────────────────┘│"
"└──────────────────────────────────────────────────────────────────────────────┘"
"? help                                                                          "
