---
source: crates/board-tui/tests/snapshots.rs
expression: output
---
" ◈ herdr-board ● 1 running                         [ Global ▾ ]                          [ Active ] [ All ] [ Archived ]"
"────────────────────────────────────────────────────────────────────────────────────────────────────────────────────────"
"┌ TODO · MANUAL · 2 ─────────┐┌ PLAN · AUTO · 1 ───────────┐┌ EXECUTE · AUTO · 2 ────────┐┌ REVIEW · AUTO · 2 ─────────┐"
"│┌──────────┌ Edit card  ·  Tab: field · Enter: save · Esc: cancel ────────────────────────────────────────┐──────────┐│"
"││#1 Update │┌ Task ──────────────────────────────────────────────────────────────────────────────────────┐│ module   ││"
"││· idle    ││  title                                                                                     ││          ││"
"││claude    ││Long description demo                                                                       ││dium      ││"
"│└──────────││▌ description (base prompt) [ $EDITOR ]                                                     ││──────────┘│"
"│┌──────────││▏This is the first paragraph of an intentionally long card description that must word-wrap  ││──────────┐│"
"││#9 Long de││across many rendered rows instead of being cut off, which is exactly the bug this change    ││ckoff     ││"
"││· idle    ││fixes for multiline text fields inside the edit form.                                       ││          ││"
"││claude    ││This second paragraph, introduced by an explicit newline, is also long enough to wrap       ││          ││"
"│└──────────│└────────────────────────────────────────────────────────────────────────────────────────────┘│──────────┘│"
"│           │┌ Agent ─────────────────────────────────────────────────────────────────────────────────────┐│           │"
"│           ││  harness                                                                                   ││           │"
"│           ││[ ‹ ]  claude  [ › ]                                                                        ││           │"
"│           ││  model                                                                                     ││           │"
"│           ││[ ‹ ]  default model  [ › ]                                                                 ││           │"
"│           ││  effort                                                                                    ││           │"
"│           ││[ ‹ ]  default effort  [ › ]                                                                ││           │"
"│           ││  permission                                                                                ││           │"
"│           ││[ ‹ ]  default permission  [ › ]                                                            ││           │"
"│           │└────────────────────────────────────────────────────────────────────────────────────────────┘│           │"
"│           │┌ Execution Target ──────────────────────────────────────────────────────────────────────────┐│           │"
"│           ││  session                                                                                   ││           │"
"│           ││[ ‹ ]  default session  [ › ]                                                               ││           │"
"│           ││  space                                                                                     ││           │"
"│           ││[ ‹ ]  workspace  [ › ]                                                                     ││           │"
"│           ││  space ref                                                                                 ││           │"
"│           ││[ ‹ ]  MELI scraper (w4)  [ › ]                                                             ││           │"
"│           │└────────────────────────────────────────────────────────────────────────────────────────────┘│           │"
"│           │                   [ Save ]                                      [ Cancel ]                   │           │"
"│           └──────────────────────────────────────────────────────────────────────────────────────────────┘           │"
"└────────────────────────────┘└────────────────────────────┘└────────────────────────────┘└────────────────────────────┘"
" [ + Card ]  [ Open card ]  [ Archive ] [ + Column ]  [ Edit col ]  [ Del col ] [ Move col ]  [ Template ]  [ ? Help ]  "
