---
source: crates/board-tui/tests/snapshots.rs
expression: "render_sized(&mut d, w, h)"
---
"┌ Card #5: Refactor au… [Close] [Popup]┐"
"│┌Status──────────────────────────────┐│"
"││✗ failed                            ││"
"│└────────────────────────────────────┘│"
"│┌Task Configuration──────────────────┐│"
"││Harness · Model: claude · opus · eff││"
"│└────────────────────────────────────┘│"
"│┌Session─────────────────────────────┐│"
"││Herdr session: default · Space: work││"
"│└────────────────────────────────────┘│"
"│┌Description─────────────────────────┐│"
"│   [ Edit card ]    [ Archive card ]  │"
"│┌Comments ↑───Add comment────────────┐│"
"│└────────────────────────────────────┘│"
"│┌Runs ↑──────────────────────────────┐│"
"││ #3 claude · fail · 0s              ││"
"│[ Open pane ]   [Retry]    [Cancel]  ││"
"│└────────────────────────────────────┘│"
"└──────────────────────────────────────┘"
"? help                                  "
