---
source: crates/board-tui/tests/snapshots.rs
expression: "render_sized(&mut d, w, h)"
---
" ◈ herdr-board ● 1 running              "
"  [ Global ▾ ]   [ Act ] [ All ] [ Arc ]"
"[ ‹ ] [ Todo (M) · 1/6 · 1 cards ] [ › ]"
"────────────────────────────────────────"
"┌ Help ──────────────────────────[ X ]─┐"
"│┌Board ─────────────────────────────┐▲│"
"││←/→ h/l     focus column           │█│"
"││↑/↓ k/j     focus card             │││"
"││b           switch board           │││"
"││n           new card               │││"
"││N           new column             │││"
"││e           edit card              │││"
"││E           edit focused column    │││"
"││a           archive / restore card │││"
"││C           duplicate card         │││"
"││v           cycle                  │▼│"
"└──────────────────────────────────────┘"
" [ + Card ]  [ Open card ]  [ Archive ] "
"[ + Column ]  [ Edit col ]  [ Del col ] "
"[ Move col ]  [ Template ]  [ ? Help ]  "
