---
source: crates/board-tui/tests/snapshots.rs
expression: output
---
"┌ Card #9: Silent agent                                          [f Fullscreen]┐"
"│status────────────────────────────────────────────────────────────────────────│"
"│? awaiting (idle timeout)                                                     │"
"│harness: claude   model: default   effort: default                            │"
"│permission: default   session: default   space: workspace:-                   │"
"│description───────────────────────────────────────────────────────────────────│"
"│Went idle without reporting back.                                             │"
"│                                                                              │"
"│                                                                              │"
"│                                                                              │"
"│                                                                              │"
"│                                                                              │"
"│                                                                              │"
"│                                                                              │"
"│                                                                              │"
"│                                                                              │"
"│                                                                              │"
"│                                                                              │"
"│comments──────────────────────────────────────────────────────────────────────│"
"│(no comments)                                                                 │"
"│runs──────────────────────────────────────────────────────────────────────────│"
"│(no runs)                                                                     │"
"└──────────────────────────────────────────────────────────────────────────────┘"
"? help                                                                          "
