---
source: crates/board-tui/tests/snapshots.rs
expression: "render_sized(&mut d, w, h)"
---
"  ‹          [Todo · 1/6 · 1 cards · ▶1]          › "
"                Visible: [Active] [All] [Archived]  "
"────────────────────────────────────────────────────"
" ┌────────────────────────────────────────────────┐ "
" │· #1 Update docs                          · idle│ "
" │ claude perm: -                                 │ "
" │ - effort: default                              │ "
" │                                 [Edit] [Delete]│ "
" └────────────────────────────────────────────────┘ "
"                                                    "
"                                                    "
"                                                    "
"                                                    "
"                                                    "
"                                                    "
"                                                    "
"                                                    "
"                                                    "
"                                                    "
"                                                    "
" [ + New card ]     [ Open card ]  [ Archive card ] "
"[ + New column ]   [ Edit column ] [ Delete column ]"
" [ Move column ]    [ Template ]      [ ? Help ]    "
"drag card to move · double-click to open            "
