---
source: crates/board-tui/tests/snapshots.rs
expression: "render(&mut d, 80, 24)"
---
"┌ Todo (manual) ─────────┐┌ Plan (auto) ───────────┐┌ Execute (auto) ────────┐  "
"│Update docs             ││Add retry to MELI scrap…││Fix flaky test          │  "
"│· idle                  ││▶ running  2m0s         ││⧗ queued                │  "
"│                        ││                        ││                        │  "
"│                        ││                        ││Investigate crash       │  "
"│                        ││                        ││⏸ blocked               │  "
"│                        ││                        ││                        │  "
"│                        ││                        ││                        │  "
"│                        ││                        ││                        │  "
"│                        ││                        ││                        │  "
"│                        ││                        ││                        │  "
"│                        ││                        ││                        │  "
"│                        ││                        ││                        │  "
"│                        ││                        ││                        │  "
"│                        ││                        ││                        │  "
"│                        ││                        ││                        │  "
"│                        ││                        ││                        │  "
"│                        ││                        ││                        │  "
"│                        ││                        ││                        │  "
"│                        ││                        ││                        │  "
"│                        ││                        ││                        │  "
"│                        ││                        ││                        │  "
"└────────────────────────┘└────────────────────────┘└────────────────────────┘  "
"n new · N col · e edit · d del · D delcol · m move · Enter detail · ? help · q …"
