---
source: crates/board-tui/tests/snapshots.rs
expression: "render(&mut d, 120, 35)"
---
"┌ Execute · 0 · auto ────────┐┌ Review · 0 · auto ─────────┐┌ Human Review · 0 · manual ─┐┌ Done · 1 · manual ─────────┐"
"│                            ││                            ││                            ││▌ Ship v0.1                 │"
"│                            ││                            ││                            ││  ▣ ARCHIVED · claude       │"
"│                            ││                            ││                            ││                            │"
"│                            ││                            ││                            ││                            │"
"│                            ││                            ││                            ││                            │"
"│                            ││                            ││                            ││                            │"
"│                            ││                            ││                            ││                            │"
"│                            ││                            ││                            ││                            │"
"│                            ││                            ││                            ││                            │"
"│                            ││                            ││                            ││                            │"
"│                            ││                            ││                            ││                            │"
"│                            ││                            ││                            ││                            │"
"│                            ││                            ││                            ││                            │"
"│                            ││                            ││                            ││                            │"
"│                            ││                            ││                            ││                            │"
"│                            ││                            ││                            ││                            │"
"│                            ││                            ││                            ││                            │"
"│                            ││                            ││                            ││                            │"
"│                            ││                            ││                            ││                            │"
"│                            ││                            ││                            ││                            │"
"│                            ││                            ││                            ││                            │"
"│                            ││                            ││                            ││                            │"
"│                            ││                            ││                            ││                            │"
"│                            ││                            ││                            ││                            │"
"│                            ││                            ││                            ││                            │"
"│                            ││                            ││                            ││                            │"
"│                            ││                            ││                            ││                            │"
"│                            ││                            ││                            ││                            │"
"│                            ││                            ││                            ││                            │"
"│                            ││                            ││                            ││                            │"
"│                            ││                            ││                            ││                            │"
"│                            ││                            ││                            ││                            │"
"└────────────────────────────┘└────────────────────────────┘└────────────────────────────┘└────────────────────────────┘"
"? help                                                                                                                  "
