---
source: crates/board-tui/tests/snapshots.rs
assertion_line: 222
expression: "render(&mut d, 80, 24)"
---
"┌ New column (Tab: field · Enter: save · Esc: cancel) ─────────────────────────┐"
"│name                                                                          │"
"│▏                                                                             │"
"│trigger                                                                       │"
"│< manual >                                                                    │"
"│system prompt  (Ctrl+E: $EDITOR)                                              │"
"│                                                                              │"
"│                                                                              │"
"│                                                                              │"
"│on success                                                                    │"
"│< none >                                                                      │"
"│on fail                                                                       │"
"│< none >                                                                      │"
"│fresh session                                                                 │"
"│< no >                                                                        │"
"│model override                                                                │"
"│                                                                              │"
"│effort override                                                               │"
"│< (default) >                                                                 │"
"│harness override                                                              │"
"│< none >                                                                      │"
"│timeout (minutes)                                                             │"
"│                                                                              │"
"? help─────────────────────────────────────────────────────────────────────────┘"
