---
source: crates/board-tui/tests/snapshots.rs
expression: "render_sized(&mut d, w, h)"
---
"┌ Move card to which column? (Global)  · b = … [×]─┐"
"│Plan                                              │"
"│Execute                                           │"
"│Review                                            │"
"│Human Review                                      │"
"│Done                                              │"
"│                                                  │"
"│                                                  │"
"│                                                  │"
"│                                                  │"
"│                                                  │"
"│                                                  │"
"│                                                  │"
"│                                                  │"
"│                                                  │"
"│                                                  │"
"│                                                  │"
"│                                                  │"
"│                                                  │"
"│                                                  │"
"│                                                  │"
"│                                                  │"
"└──────────────────────────────────────────────────┘"
"? help                                              "
