---
source: crates/board-tui/tests/snapshots.rs
expression: "render_sized(&mut d, w, h)"
---
"┌ TODO · MANUAL · 1 ─────────┐┌ PLAN · AUTO · 1 ───────────┐"
"│┌──────────────────────────┐││┌──────────────────────────┐│"
"││· #1 Update docs──────────││││▶ #2 Add retry to MELI sc…││"
"││· idle                    ││││▶ running · 2m0s          ││"
"││claude     [Edit] [Delete]││││claude · … [Edit] [Delete]││"
"│└──────────────────────────┘││└──────────────────────────┘│"
"│                            ││                            │"
"│                            ││                            │"
"│                            ││                            │"
"│    ┌ Confirm ───────────────────────────────[Close]─┐    │"
"│    │                Delete this card?               │    │"
"│    │                                                │    │"
"│    │        [ [Yes] ]               [ [No] ]        │    │"
"│    └────────────────────────────────────────────────┘    │"
"│                            ││                            │"
"│                            ││                            │"
"│                            ││                            │"
"│                            ││                            │"
"│                            ││                            │"
"│                            ││                            │"
"│                            ││                            │"
"│                            ││                            │"
"└────────────────────────────┘└────────────────────────────┘"
"? help                                                      "
