---
source: crates/board-tui/tests/snapshots.rs
expression: "render_sized(&mut d, w, h)"
---
" ◈ herdr-board ● 1 running                          "
"    [ Global ▾ ]     [ Active ] [ All ] [ Archived ]"
"[ ‹ ]      [ Review (A) · 4/6 · 2 cards ]      [ › ]"
"────────────────────────────────────────────────────"
"┌ Card #5: Refactor auth module         [ X ] [ □ ]┐"
"│┌Status──────────────────────────────────────────┐│"
"││✗ failed                                        ││"
"│└────────────────────────────────────────────────┘│"
"│┌Task Configuration──────────────────────────────┐│"
"││Harness · Model: claude · opus · effort medium ·││"
"││perm plan                                       ││"
"│└────────────────────────────────────────────────┘│"
"│┌Session─────────────────────────────────────────┐│"
"││Herdr session: default session · Space:         ││"
"││workspace:-                                     ││"
"│└────────────────────────────────────────────────┘│"
"│ [ Edit ]   [ Duplicate ]   [ Archive ]   [ Add ] │"
"│   [ Open ]        [ Retry ]        [ Cancel ]    │"
"│                                                  │"
"│                                                  │"
"└──────────────────────────────────────────────────┘"
" [ + New card ]    [ Open card ]   [ Archive card ] "
"[ + New column ]  [ Edit column ]  [ Delete column ]"
" [ Move column ]    [ Template ]      [ ? Help ]    "
