---
source: crates/board-tui/tests/snapshots.rs
expression: "render_sized(&mut d, w, h)"
---
" ◈ herdr-board          [ Board: Global ▾ ]         "
"            Visible: [ Active ] [ All ] [ Archived ]"
"[ ‹ ]      [ Todo · 1/6 · 1 cards · ▶1 ]       [ › ]"
"────────────────────────────────────────────────────"
"┌ Card #1: Update docs                  [ X ] [ □ ]┐"
"│┌Status──────────────────────────────────────────┐│"
"││· idle                                          ││"
"│└────────────────────────────────────────────────┘│"
"│┌Task Configuration──────────────────────────────┐│"
"││Harness · Model: claude · default · effort      ││"
"││default · perm default                          ││"
"│└────────────────────────────────────────────────┘│"
"│┌Session─────────────────────────────────────────┐│"
"││Herdr session: default · Space: workspace:-     ││"
"│└────────────────────────────────────────────────┘│"
"│    [ Edit ]        [ Archive ]        [ Add ]    │"
"│   [ Open ]        [ Retry ]        [ Cancel ]    │"
"│                                                  │"
"│                                                  │"
"└──────────────────────────────────────────────────┘"
" [ + New card ]    [ Open card ]   [ Archive card ] "
"[ + New column ]  [ Edit column ]  [ Delete column ]"
" [ Move column ]    [ Template ]      [ ? Help ]    "
"q/Esc close · f popup/fullscreen · ? help           "
