---
source: crates/board-tui/tests/snapshots.rs
expression: "render(&mut d, 80, 24)"
---
"┌ New card (Tab: field · Enter: save · Esc: cancel) ───────────────────────────┐"
"│title                                                                        ▲│"
"│▏                                                                            █│"
"│description (base prompt)  (Ctrl+E: $EDITOR)                                 █│"
"│                                                                             █│"
"│                                                                             █│"
"│                                                                             █│"
"│                                                                             █│"
"│harness                                                                      █│"
"│< pi >                                                                       █│"
"│model                                                                        █│"
"│< (custom) >                                                                 ││"
"│custom model                                                                 ││"
"│openai-codex/example                                                         ││"
"│effort                                                                       ││"
"│< low >                                                                      ││"
"│session                                                                      ││"
"│< (default) >                                                                ││"
"│space                                                                        ││"
"│< workspace >                                                                ││"
"│                                                                             ▼│"
"│[ Save ]  [ Cancel ]                                                          │"
"└──────────────────────────────────────────────────────────────────────────────┘"
"? help                                                                          "
