---
source: crates/board-tui/tests/snapshots.rs
expression: "render(&mut d, 80, 24)"
---
"┌ Card #9: Wrap demo                                       [Close] [Fullscreen]┐"
"│┌Status──────────────────────────────────────────────────────────────────────┐│"
"││· idle                                                                      ││"
"│└────────────────────────────────────────────────────────────────────────────┘│"
"│┌Task Configuration──────────────────────────────────────────────────────────┐│"
"││Harness · Model: claude · default · effort default · perm default           ││"
"│└────────────────────────────────────────────────────────────────────────────┘│"
"│┌Session─────────────────────────────────────────────────────────────────────┐│"
"││Herdr session: default · Space: workspace:-                                 ││"
"│└────────────────────────────────────────────────────────────────────────────┘│"
"│┌Description─────────────────────────────────────────────────────────────────┐│"
"││This description is intentionally long so it must word-wrap across several  ││"
"│└────────────────────────────────────────────────────────────────────────────┘│"
"│             [ Edit card ]                        [ Archive card ]            │"
"│┌Comments ↑──────────────────────────────────────────────────────────────────┐│"
"││demonstrating per-comment word wrap at the section border.                  ││"
"││    Add comment       Edit comment       Delete comment         History     ││"
"│└────────────────────────────────────────────────────────────────────────────┘│"
"│┌Runs────────────────────────────────────────────────────────────────────────┐│"
"││(no runs)                                                                   ││"
"││      [ Open pane ]             [ Retry run ]            [ Cancel run ]     ││"
"│└────────────────────────────────────────────────────────────────────────────┘│"
"└──────────────────────────────────────────────────────────────────────────────┘"
"? help                                                                          "
