---
source: crates/board-tui/tests/snapshots.rs
expression: "render(&mut d, 80, 24)"
---
"┌ Card #8: Write changelog                                 [Close] [Fullscreen]┐"
"│┌Status──────────────────────────────────────────────────────────────────────┐│"
"││✓ done                                                                      ││"
"│└────────────────────────────────────────────────────────────────────────────┘│"
"│┌Task Configuration──────────────────────────────────────────────────────────┐│"
"││Harness · Model: claude · default · effort default · perm default           ││"
"│└────────────────────────────────────────────────────────────────────────────┘│"
"│┌Session─────────────────────────────────────────────────────────────────────┐│"
"││Herdr session: default · Space: workspace:-                                 ││"
"│└────────────────────────────────────────────────────────────────────────────┘│"
"│┌Description─────────────────────────────────────────────────────────────────┐│"
"││Draft the changelog for the release.                                        ││"
"│└────────────────────────────────────────────────────────────────────────────┘│"
"│             [ Edit card ]                        [ Archive card ]            │"
"│┌Comments────────────────────────────────────────────────────────────────────┐│"
"││(no comments)                                                               ││"
"││                                 Add comment                                ││"
"│└────────────────────────────────────────────────────────────────────────────┘│"
"│┌Runs────────────────────────────────────────────────────────────────────────┐│"
"││(no runs)                                                                   ││"
"││      [ Open pane ]             [ Retry run ]            [ Cancel run ]     ││"
"│└────────────────────────────────────────────────────────────────────────────┘│"
"└──────────────────────────────────────────────────────────────────────────────┘"
"? help                                                                          "
