---
source: crates/board-tui/tests/snapshots.rs
expression: "render_sized(&mut d, w, h)"
---
"┌ Help ────────────────────────────[×]─┐"
"│←/→ h/l     focus column             ▲│"
"│↑/↓ k/j     focus card               █│"
"│b           switch board             █│"
"│n           new card                 █│"
"│N           new column               ││"
"│e           edit card                ││"
"│E           edit focused column      ││"
"│a           archive / restore card   ││"
"│v           cycle active/all/archived││"
"│d           delete card              ││"
"│D           delete/move column cards ││"
"│m           move card (board→column) ││"
"│M           move focused column      ││"
"│H / L       shove card left / right  ││"
"│Enter       card detail              ││"
"│T           apply template (empty)   ▼│"
"│j/k scroll · Esc close                │"
"└──────────────────────────────────────┘"
"? help                                  "
