---
source: crates/board-tui/tests/snapshots.rs
expression: "render_sized(&mut d, w, h)"
---
" ◈ herdr-board    [ Board: Global ▾ ]   "
"Visible: [ Active ] [ All ] [ Archived ]"
"[ ‹ ][ Todo · 1/6 · 1 cards · ▶1 ] [ › ]"
"────────────────────────────────────────"
"┌ Help ──────────────────────────[ X ]─┐"
"│┌Board ─────────────────────────────┐▲│"
"││←/→ h/l     focus column           │█│"
"││↑/↓ k/j     focus card             │││"
"││b           switch board           │││"
"││n           new card               │││"
"││N           new column             │││"
"││e           edit card              │││"
"││E           edit focused column    │││"
"││a           archive / restore card │▼│"
"│j/k scroll · Esc close                │"
"└──────────────────────────────────────┘"
" [ + Card ]  [ Open card ]  [ Archive ] "
"[ + Column ]  [ Edit col ]  [ Del col ] "
"[ Move col ]  [ Template ]  [ ? Help ]  "
"j/k scroll · Esc close                  "
