---
source: crates/board-tui/tests/snapshots.rs
expression: output
---
"┌ Edit card ───────────────────────────────────[×]─┐"
"│┌───────────────────────────────────────────────┐▲│"
"│  title                                          █│"
"│Long description demo                            █│"
"│▌ description (base prompt) [$EDITOR]            █│"
"│▏This is the first paragraph of an intentionally █│"
"│long card description that must word-wrap across █│"
"│many rendered rows instead of being cut off,     █│"
"│which is exactly the bug this change fixes for   █│"
"│┌───────────────────────────────────────────────┐█│"
"│  harness                                        █│"
"│[‹]  claude  [›]                                 ││"
"│  model                                          ││"
"│[‹]  (default)  [›]                              ││"
"│  effort                                         ││"
"│[‹]  (default)  [›]                              ││"
"│  permission                                     ││"
"│[‹]  (default)  [›]                              ││"
"│┌───────────────────────────────────────────────┐││"
"│  session                                        ││"
"│[‹]  (default)  [›]                              ▼│"
"│        [ Save ]                [ Cancel ]        │"
"└──────────────────────────────────────────────────┘"
"Tab fields · Enter save · Esc cancel                "
