---
source: crates/board-tui/tests/snapshots.rs
expression: output
---
"┌ Card #6: Tune retry backoff                              [Close] [Fullscreen]┐"
"│┌Status──────────────────────────────────────────────────────────────────────┐│"
"││? awaiting (agent reported done)                                            ││"
"│└────────────────────────────────────────────────────────────────────────────┘│"
"│┌Task Configuration──────────────────────────────────────────────────────────┐│"
"││Harness · Model: claude · default · effort default · perm default           ││"
"│└────────────────────────────────────────────────────────────────────────────┘│"
"│┌Session─────────────────────────────────────────────────────────────────────┐│"
"││Herdr session: default · Space: workspace:-                                 ││"
"│└────────────────────────────────────────────────────────────────────────────┘│"
"│┌Description─────────────────────────────────────────────────────────────────┐│"
"││Tune the backoff constants based on the new metrics.                        ││"
"│└────────────────────────────────────────────────────────────────────────────┘│"
"│       [ Edit card ]           [ Archive card ]          [ Confirm done ]     │"
"│┌Comments────────────────────────────────────────────────────────────────────┐│"
"││(no comments)                                                               ││"
"││                                 Add comment                                ││"
"│└────────────────────────────────────────────────────────────────────────────┘│"
"│┌Runs────────────────────────────────────────────────────────────────────────┐│"
"││ #4 claude · active · 0s                                                    ││"
"││      [ Open pane ]             [ Retry run ]            [ Cancel run ]     ││"
"│└────────────────────────────────────────────────────────────────────────────┘│"
"└──────────────────────────────────────────────────────────────────────────────┘"
"? help                                                                          "
