---
source: crates/board-tui/tests/snapshots.rs
expression: "render(&mut d, 80, 24)"
---
"┌ New column  ·  f: fullscreen  ·  Tab: field · Enter: save · Esc: cancel ─────┐"
"│┌───────────────────────────────────────────────────────────────────────────┐▲│"
"│▌ name                                                                       █│"
"│▏                                                                            █│"
"│  trigger                                                                    █│"
"│[‹]  auto  [›]                                                               █│"
"│  system prompt [$EDITOR]                                                    █│"
"│                                                                             █│"
"│                                                                             █│"
"│                                                                             █│"
"│                                                                             ││"
"│┌───────────────────────────────────────────────────────────────────────────┐││"
"│  on success                                                                 ││"
"│[‹]  none  [›]                                                               ││"
"│  on fail                                                                    ││"
"│[‹]  none  [›]                                                               ││"
"│  fresh session                                                              ││"
"│[‹]  no  [›]                                                                 ││"
"│┌───────────────────────────────────────────────────────────────────────────┐││"
"│  model override                                                             ││"
"│                                                                             ▼│"
"│               [ Save ]                              [ Cancel ]               │"
"└──────────────────────────────────────────────────────────────────────────────┘"
"Tab fields · Enter save · Esc cancel                                            "
