---
source: crates/board-tui/tests/snapshots.rs
expression: "render_sized(&mut d, w, h)"
---
"┌ TODO · MANUAL · 1 ──────┐┌ PLAN · AUTO · 1 ────────┐┌ EXECUTE · AUTO · 2 ────┐"
"│┌───────────────────────┐││┌───────────────────────┐││┌──────────────────────┐│"
"││· #1 Update docs───────││││▶ #2 Add retry to MELI…││││⧗ #3 Fix flaky test───││"
"││· idle                 ││││▶ running · 2m0s       ││││⧗ queued              ││"
"││claude  [Edit] [┌ Boards (Enter switch · Esc back) ─[Back]─┐ [Edit] [Delete]││"
"│└────────────────│ Global                                   │────────────────┘│"
"│                 │ project — /Volumes/archive/project       │────────────────┐│"
"│                 │ project — /work/alpha/project            │nvestigate crash││"
"│                 │                                          │ked             ││"
"│                 │                                          │ [Edit] [Delete]││"
"│                 │                                          │────────────────┘│"
"│                 │                                          │                 │"
"│                 │                                          │                 │"
"│                 │                                          │                 │"
"│                 │                                          │                 │"
"│                 │                                          │                 │"
"│                 │                                          │                 │"
"│                 └──────────────────────────────────────────┘                 │"
"│                         ││                         ││                        │"
"│                         ││                         ││                        │"
"│                         ││                         ││                        │"
"│                         ││                         ││                        │"
"└─────────────────────────┘└─────────────────────────┘└────────────────────────┘"
"? help                                                                          "
