---
source: crates/board-tui/tests/snapshots.rs
expression: "render_sized(&mut d, w, h)"
---
"[ Project: Global ]  [ Active ] [ All ] [ Archived ]"
"                  [ Board: main ]                   "
"[ ‹ ]       [ Todo (M) · 1/6 · 1 cards ]       [ › ]"
"────────────────────────────────────────────────────"
"┌ Help ──────────────────────────────────────[ X ]─┐"
"│┌Board ─────────────────────────────────────────┐▲│"
"││←/→ h/l     focus column                       │█│"
"││↑/↓ k/j     focus card                         │█│"
"││p           switch project                     │││"
"││b           switch board                       │││"
"││n           new card                           │││"
"││N           new column                         │││"
"││e           edit card                          │││"
"││E           edit focused column                │││"
"││a           archive / restore card             │││"
"││C           duplicate card                     │││"
"││v           cycle active/all/archived          │││"
"││d           delete card                        │││"
"││D           delete/move column cards           │││"
"││m           move card (project→board)          │▼│"
"└──────────────────────────────────────────────────┘"
" [ + New card ]    [ Open card ]   [ Archive card ] "
"[ + New column ]  [ Edit column ]  [ Delete column ]"
" [ Move column ]    [ Template ]      [ ? Help ]    "
