---
source: crates/board-tui/tests/snapshots.rs
assertion_line: 1424
expression: output
---
" ◈ herdr-board ● 1 running          [ Global ▾ ]                   [ main ▾ ]            [ Active ] [ All ] [ Archived ]"
"────────────────────────────────────────────────────────────────────────────────────────────────────────────────────────"
"┌ TODO · MAN┌ Edit card  ·  Tab: field · Enter: save · Esc: cancel ────────────────────────────────────────┐2 ─────────┐"
"│┌──────────│┌ Task ──────────────────────────────────────────────────────────────────────────────────────┐│──────────┐│"
"││#1 Update ││  title                                                                                     ││ module   ││"
"││· idle    ││Long description demo                                                                       ││          ││"
"││claude    ││▌ description (base prompt) [ $EDITOR ]                                                     ││dium      ││"
"│└──────────││▏This is the first paragraph of an intentionally long card description that must word-wrap  ││──────────┘│"
"│┌──────────││across many rendered rows instead of being cut off, which is exactly the bug this change    ││──────────┐│"
"││#9 Long de││fixes for multiline text fields inside the edit form.                                       ││ckoff     ││"
"││· idle    ││This second paragraph, introduced by an explicit newline, is also long enough to wrap       ││          ││"
"││claude    │└────────────────────────────────────────────────────────────────────────────────────────────┘│          ││"
"│└──────────│┌ Agent ─────────────────────────────────────────────────────────────────────────────────────┐│──────────┘│"
"│           ││  harness                                                                                   ││           │"
"│           ││[ ‹ ]  claude  [ › ]                                                                        ││           │"
"│           ││  model                                                                                     ││           │"
"│           ││[ ‹ ]  default model  [ › ]                                                                 ││           │"
"│           ││  effort                                                                                    ││           │"
"│           ││[ ‹ ]  default effort  [ › ]                                                                ││           │"
"│           ││  permission                                                                                ││           │"
"│           ││[ ‹ ]  default permission  [ › ]                                                            ││           │"
"│           │└────────────────────────────────────────────────────────────────────────────────────────────┘│           │"
"│           │┌ Execution Target ──────────────────────────────────────────────────────────────────────────┐│           │"
"│           ││  session                                                                                   ││           │"
"│           ││[ ‹ ]  default session  [ › ]                                                               ││           │"
"│           ││  space                                                                                     ││           │"
"│           ││[ ‹ ]  workspace  [ › ]                                                                     ││           │"
"│           ││  space ref                                                                                 ││           │"
"│           ││[ ‹ ]  MELI scraper (w4)  [ › ]                                                             ││           │"
"│           ││  cwd                                                                                       ││           │"
"│           ││                                                                                            ││           │"
"│           │└────────────────────────────────────────────────────────────────────────────────────────────┘│           │"
"│           │                   [ Save ]                                      [ Cancel ]                   │           │"
"└───────────└──────────────────────────────────────────────────────────────────────────────────────────────┘───────────┘"
" [ + Card ]  [ Open card ]  [ Archive ] [ + Column ]  [ Edit col ]  [ Del col ] [ Move col ]  [ Template ]  [ ? Help ]  "
