---
source: crates/board-tui/tests/snapshots.rs
expression: "render_sized(&mut d, w, h)"
---
"┌ Help — all keybindings (j/k scroll · any key closes) ────┐"
"│  ←/→ h/l    focus column       r          retry run (ask…│"
"│  ↑/↓ k/j    focus card         q / Esc    back to board  │"
"│  b          switch board      forms                      │"
"│  n          new card           Tab        next field     │"
"│  N          new column         Shift+Tab  previous field │"
"│  e          edit card          ←/→ Space  cycle a picker…│"
"│  E          edit focused c…    Ctrl+E     edit textarea …│"
"│  a          archive / rest…    Enter      submit         │"
"│  v          cycle active/a…    Esc        cancel         │"
"│  d          delete card       picker / confirm           │"
"│  D          delete/move co…    ↑/↓ k/j    move selection │"
"│  m          move card (boa…    Enter      choose         │"
"│  M          move focused c…    b          other board (m…│"
"│  H / L      shove card lef…    y / n      confirm / decl…│"
"│  Enter      card detail        q / Esc    cancel         │"
"│  T          apply template…   move column (M)            │"
"│  r / R      refresh board      ←/→ h/l    stage the reor…│"
"│  ?          this help (any…    Enter      commit the reo…│"
"│  q / Esc    back / quit        q / Esc    discard        │"
"│ card detail                   sheets                     │"
"│  Enter      confirm done (…    k/j Enter  switcher: move…│"
"└──────────────────────────────────────────────────────────┘"
"? help                                                      "
