---
source: crates/board-tui/tests/snapshots.rs
expression: "render_sized(&mut d, w, h)"
---
"┌ Help — all keybindings (any key to close) ───────────────┐"
"│  ←/→ h/l    focus column       e          edit card      │"
"│  ↑/↓ k/j    focus card         a          archive / rest…│"
"│  b          switch board       c          add comment    │"
"│  n          new card           Tab        focus comments…│"
"│  N          new column         ↑/↓ k/j    scroll focused…│"
"│  e          edit card          f / click  toggle popup /…│"
"│  E          edit focused c…    o          jump to pane   │"
"│  a          archive / rest…    x          cancel run     │"
"│  v          cycle active/a…    r          retry run      │"
"│  d          delete card       forms                      │"
"│  D          delete/move co…    Tab        next field     │"
"│  m          move card (boa…    Shift+Tab  previous field │"
"│  M          move focused c…    ←/→ Space  cycle a picker…│"
"│  H / L      shove card lef…    Ctrl+E     edit textarea …│"
"│  Enter      card detail        Enter      submit         │"
"│  T          apply template…    Esc        cancel         │"
"│  r          refresh board     mouse                      │"
"│  ?          this help          click      focus card/col…│"
"│  q / Esc    back / quit        dbl-click  open card deta…│"
"│ card detail                    drag       move card/reor…│"
"│  Enter      confirm done (…    wheel      scroll cards   │"
"└──────────────────────────────────────────────────────────┘"
"? help                                                      "
