---
source: crates/board-tui/tests/snapshots.rs
expression: "render_sized(&mut d, w, h)"
---
" ◈ herdr-board                                  ● 1 running "
"[ Board: Global ▾ ]            [Active] [All] [Archived]    "
"────────────────────────────────────────────────────────────"
"┌ TODO · MANUAL · 1 ─────────┐┌ PLAN · AUTO · 1 ───────────┐"
"│┌──────────────────────────┐││┌──────────────────────────┐│"
"││· #1 Update docs          ││││▶ #2 Add retry to MELI sc…││"
"││· idle                    ││││▶ running · 2m0s          ││"
"││claude     [Edit] [Delete]││││claude · … [Edit] [Delete]││"
"│└──────────────────────────┘││└──────────────────────────┘│"
"│                            ││                            │"
"│                            ││                            │"
"│                            ││                            │"
"│                            ││                            │"
"│                            ││                            │"
"│                            ││                            │"
"│                            ││                            │"
"│                            ││                            │"
"│                            ││                            │"
"│                            ││                            │"
"│                            ││                            │"
"└────────────────────────────┘└────────────────────────────┘"
"  [+ Card]     [Open]     [Archive]  [+ Column]  [Edit col] "
"   [Del col]   [ Move column ] [ Template ]    [ ? Help ]   "
"drag card to move · double-click to open                    "
