---
source: crates/board-tui/tests/snapshots.rs
expression: "render_sized(&mut d, w, h)"
---
" ◈ herdr-board    [ Board: Global ▾ ]   "
"Visible: [ Active ] [ All ] [ Archived ]"
"[ ‹ ][ Todo · 1/6 · 1 cards · ▶1 ] [ › ]"
"────────────────────────────────────────"
"┌ Boards ────────────────────────[ X ]─┐"
"│ Global                               │"
"│ project — /Volumes/archive/project   │"
"│ project — /work/alpha/project        │"
"│                                      │"
"│                                      │"
"│                                      │"
"│                                      │"
"│                                      │"
"│                                      │"
"│                                      │"
"└──────────────────────────────────────┘"
" [ + Card ]  [ Open card ]  [ Archive ] "
"[ + Column ]  [ Edit col ]  [ Del col ] "
"[ Move col ]  [ Template ]  [ ? Help ]  "
"? help                                  "
