---
source: crates/board-tui/tests/snapshots.rs
expression: "render_sized(&mut d, w, h)"
---
" ◈ herdr-board                                  ● 1 running "
"[ Board: Global ▾ ] Visible: [ Active ] [ All ] [ Archived ]"
"────────────────────────────────────────────────────────────"
"┌ Card #5: Refactor auth module                 [ X ] [ □ ]┐"
"│┌Status──────────────────────────────────────────────────┐│"
"││✗ failed                                                ││"
"│└────────────────────────────────────────────────────────┘│"
"│┌Task Configuration──────────────────────────────────────┐│"
"││Harness · Model: claude · opus · effort medium · perm   ││"
"││plan                                                    ││"
"│└────────────────────────────────────────────────────────┘│"
"│┌Session─────────────────────────────────────────────────┐│"
"││Herdr session: default · Space: workspace:-             ││"
"│└────────────────────────────────────────────────────────┘│"
"│   [ Edit card ]     [ Archive card ]    [ Add comment ]  │"
"│┌Runs ↑──────────────────────────────────────────────────┐│"
"││ #3 claude · fail · 0s                                  ││"
"││    [ Open ]           [ Retry ]          [ Cancel ]    ││"
"│└────────────────────────────────────────────────────────┘│"
"│                                                          │"
"└──────────────────────────────────────────────────────────┘"
" [ + Card ]   [ Open ]  [ Archive ] [ + Column ][ Edit col ]"
"  [ Del col ]  [ Move column ] [ Template ]    [ ? Help ]   "
"q/Esc close · f popup/fullscreen · ? help                   "
