---
source: crates/board-tui/tests/snapshots.rs
expression: "render_sized(&mut d, w, h)"
---
"┌ Columns ─────────────────────────────────────[×]─┐"
"│ Todo  1                                          │"
"│ Plan  1                                          │"
"│ Execute  2                                       │"
"│ Review  2                                        │"
"│ Human Review  0                                  │"
"│ Done  2                                          │"
"│ ⇄  Switch board  →                               │"
"│ ⊞  Apply template                                │"
"│                                                  │"
"│                                                  │"
"│                                                  │"
"│                                                  │"
"│                                                  │"
"│                                                  │"
"│                                                  │"
"│                                                  │"
"│                                                  │"
"│                                                  │"
"│                                                  │"
"│                                                  │"
"│                                                  │"
"└──────────────────────────────────────────────────┘"
"? help                                              "
