---
source: crates/board-tui/tests/snapshots.rs
expression: compact
---
" ◈ herdr-board    [ Board: Global ▾ ]   "
"Visible: [ Active ] [ All ] [ Archived ]"
"[ ‹ ][ Todo · 1/6 · 2 cards · ▶1 ] [ › ]"
"────────────────────────────────────────"
"┌ Card #9: Long metadata v… [ X ] [ □ ]┐"
"│┌Status──────────────────────────────┐│"
"││· idle                              ││"
"│└────────────────────────────────────┘│"
"│┌Task Configuration──────────────────┐│"
"││Harness · Model: pi · model-with-a-…││"
"││Herdr session: session-with-a-very-…││"
"│└────────────────────────────────────┘│"
"│  [ Edit ]    [ Archive ]    [ Add ]  │"
"│ [ Open ]    [ Retry ]    [ Cancel ]  │"
"│                                      │"
"└──────────────────────────────────────┘"
" [ + Card ]  [ Open card ]  [ Archive ] "
"[ + Column ]  [ Edit col ]  [ Del col ] "
"[ Move col ]  [ Template ]  [ ? Help ]  "
"q/Esc close · f popup/fullscreen · ? he…"
