---
source: crates/board-tui/tests/snapshots.rs
expression: "render(&mut d, 120, 35)"
---
"┌ Todo (manual) ─────────┐┌ Plan (auto) ───────────┐┌ Execute (auto) ────────┐┌ Review (auto) ─────────┐                "
"│Update docs             ││Add retry to MELI scrap…││Fix flaky test          ││Refactor auth module    │                "
"│· idle                  ││▶ running  2m0s         ││⧗ queued                ││✗ failed                │                "
"│                        ││                        ││                        ││                        │                "
"│                        ││                        ││Investigate crash       ││                        │                "
"│                        ││                        ││⏸ blocked               ││                        │                "
"│                        ││                        ││                        ││                        │                "
"│                        ││                        ││                        ││                        │                "
"│                        ││                        ││                        ││                        │                "
"│                        ││                        ││                        ││                        │                "
"│                        ││                        ││                        ││                        │                "
"│                        ││                        ││                        ││                        │                "
"│                        ││                        ││                        ││                        │                "
"│                        ││                        ││                        ││                        │                "
"│                        ││                        ││                        ││                        │                "
"│                        ││                        ││                        ││                        │                "
"│                        ││                        ││                        ││                        │                "
"│                        ││                        ││                        ││                        │                "
"│                        ││                        ││                        ││                        │                "
"│                        ││                        ││                        ││                        │                "
"│                        ││                        ││                        ││                        │                "
"│                        ││                        ││                        ││                        │                "
"│                        ││                        ││                        ││                        │                "
"│                        ││                        ││                        ││                        │                "
"│                        ││                        ││                        ││                        │                "
"│                        ││                        ││                        ││                        │                "
"│                        ││                        ││                        ││                        │                "
"│                        ││                        ││                        ││                        │                "
"│                        ││                        ││                        ││                        │                "
"│                        ││                        ││                        ││                        │                "
"│                        ││                        ││                        ││                        │                "
"│                        ││                        ││                        ││                        │                "
"│                        ││                        ││                        ││                        │                "
"└────────────────────────┘└────────────────────────┘└────────────────────────┘└────────────────────────┘                "
"n new · N col · e edit · d del · D delcol · m move · Enter detail · ? help · q quit                                     "
