---
source: crates/board-tui/tests/snapshots.rs
expression: "render_sized(&mut d, w, h)"
---
" ◈ herdr-board ● 1 running          [ Global ▾ ]                   [ main ▾ ]            [ Active ] [ All ] [ Archived ]"
"────────────────────────────────────────────────────────────────────────────────────────────────────────────────────────"
"┌ TOD┌ Help — all keybindings ──────────────────────────────────────────────────────────────────────────────[ X ]─┐────┐"
"│┌───│┌Board ─────────────────────────────────────────────┐  ┌Forms ─────────────────────────────────────────────┐│───┐│"
"││#1 ││←/→ h/l     focus column                           │  │Tab         next field                             ││   ││"
"││· i││↑/↓ k/j     focus card                             │  │Shift+Tab   previous field                         ││   ││"
"││cla││p           switch project                         │  │←/→ Space   cycle a picker field                   ││   ││"
"│└───││b           switch board                           │  │Ctrl+E      edit textarea in $EDITOR               ││───┘│"
"│    ││n           new card                               │  │Shift+Enter newline in textarea                    ││───┐│"
"│    ││N           new column                             │  │Ctrl+J      newline in textarea                    ││   ││"
"│    ││e           edit card                              │  │f (picker)  toggle popup / fullscreen              ││   ││"
"│    ││E           edit focused column                    │  │Enter       submit                                 ││   ││"
"│    ││a           archive / restore card                 │  │Esc         cancel                                 ││───┘│"
"│    ││C           duplicate card                         │  └───────────────────────────────────────────────────┘│    │"
"│    ││v           cycle active/all/archived              │                                                       │    │"
"│    ││d           delete card                            │  ┌Picker / confirm ──────────────────────────────────┐│    │"
"│    ││D           delete/move column cards               │  │↑/↓ k/j     move selection                         ││    │"
"│    ││m           move card (project→board)              │  │Enter       choose                                 ││    │"
"│    ││M           move focused column                    │  │y / n       confirm / decline                      ││    │"
"│    ││O           reorder card in column                 │  │q / Esc     cancel                                 ││    │"
"│    ││H / L       shove card left / right                │  └───────────────────────────────────────────────────┘│    │"
"│    ││Enter       card detail                            │                                                       │    │"
"│    ││T           apply template (empty)                 │  ┌Move column (M) ───────────────────────────────────┐│    │"
"│    ││r / R       refresh board                          │  │←/→ h/l     stage the reorder                      ││    │"
"│    ││?           this help (any screen)                 │  │Enter       commit the reorder                     ││    │"
"│    ││q / Esc     back / quit                            │  │q / Esc     discard                                ││    │"
"│    │└───────────────────────────────────────────────────┘  └───────────────────────────────────────────────────┘│    │"
"│    │                                                                                                            │    │"
"│    │┌Card detail ───────────────────────────────────────┐  ┌Reorder card (O) ──────────────────────────────────┐│    │"
"│    ││Enter       confirm done (awaiting)                │  │j/k ↑/↓     stage the reorder                      ││    │"
"│    ││e           edit card / comment                    │  │Enter       commit the reorder                     ││    │"
"│    ││a           archive / restore card                 │  │q / Esc     discard                                ││    │"
"│    ││C           duplicate card                         │  └───────────────────────────────────────────────────┘│    │"
"└────└────────────────────────────────────────────────────────────────────────────────────────────────────────────┘────┘"
" [ + Card ]  [ Open card ]  [ Archive ] [ + Column ]  [ Edit col ]  [ Del col ] [ Move col ]  [ Template ]  [ ? Help ]  "
