---
source: crates/board-tui/tests/snapshots.rs
assertion_line: 1405
expression: "render_sized(&mut d, w, h)"
---
" ◈ herdr-board ● 1 running                          "
"    [ Global ▾ ]     [ Active ] [ All ] [ Archived ]"
"[ ‹ ]       [ Todo (M) · 1/6 · 1 cards ]       [ › ]"
"────────────────────────────────────────────────────"
"┌ Help ──────────────────────────────────────[ X ]─┐"
"│┌Board ─────────────────────────────────────────┐▲│"
"││←/→ h/l     focus column                       │█│"
"││↑/↓ k/j     focus card                         │█│"
"││b           switch board                       │││"
"││n           new card                           │││"
"││N           new column                         │││"
"││e           edit card                          │││"
"││E           edit focused column                │││"
"││a           archive / restore card             │││"
"││v           cycle active/all/archived          │││"
"││d           delete card                        │││"
"││D           delete/move column cards           │││"
"││m           move card (board→column)           │││"
"││M           move focused column                │││"
"││O           reorder card in column             │▼│"
"└──────────────────────────────────────────────────┘"
" [ + New card ]    [ Open card ]   [ Archive card ] "
"[ + New column ]  [ Edit column ]  [ Delete column ]"
" [ Move column ]    [ Template ]      [ ? Help ]    "
