---
source: crates/board-tui/tests/snapshots.rs
expression: "render_sized(&mut d, w, h)"
---
" ◈ herdr-board ● 1 running                          "
"    [ Global ▾ ]     [ Active ] [ All ] [ Archived ]"
"[ ‹ ]       [ Todo (M) · 1/6 · 1 cards ]       [ › ]"
"────────────────────────────────────────────────────"
"┌ Move card to column (Global)  ─────────────[ X ]─┐"
"│›Plan                                             │"
"│ Execute                                          │"
"│ Review                                           │"
"│ Human Review                                     │"
"│ Done                                             │"
"│                                                  │"
"│                                                  │"
"│                                                  │"
"│                                                  │"
"│                                                  │"
"│                                                  │"
"│                                                  │"
"│                                                  │"
"│                                                  │"
"│                 [ Other board ]                  │"
"└──────────────────────────────────────────────────┘"
" [ + New card ]    [ Open card ]   [ Archive card ] "
"[ + New column ]  [ Edit column ]  [ Delete column ]"
" [ Move column ]    [ Template ]      [ ? Help ]    "
