---
source: crates/board-tui/tests/snapshots.rs
expression: "render(&mut narrow, 80, 24)"
---
" ◈ herdr-board ● 1 running     [ Global ▾ ]      [ Active ] [ All ] [ Archived ]"
"────────────────────────────────────────────────────────────────────────────────"
"┌ TODO · MANUAL · 1 ──────┐┌ PLAN · AUTO · 1 ────────┐┌ EXECUTE · AUTO · 2 ────┐"
"│┌───────────────────────┐││┌───────────────────────┐││┌──────────────────────┐│"
"││#1 Update docs         ││││#2 Add retry to MELI s…││││#3 Fix flaky test     ││"
"││· idle                 ││││▶ running · 2m0s       ││││⧗ queued              ││"
"││claude                 ││││claude · eff: high     ││││claude                ││"
"│└───────────────────────┘││└───────────────────────┘││└──────────────────────┘│"
"│                         ││                         ││┌──────────────────────┐│"
"│                    ┌ Switch board ────────────────[ X ]─┐Investigate crash  ││"
"│                    │›Global                             │locked             ││"
"│                    │ project — /Volumes/archive/project │ude                ││"
"│                    │ project — /work/alpha/project      │───────────────────┘│"
"│                    └────────────────────────────────────┘                    │"
"│                         ││                         ││                        │"
"│                         ││                         ││                        │"
"│                         ││                         ││                        │"
"│                         ││                         ││                        │"
"│                         ││                         ││                        │"
"│                         ││                         ││                        │"
"│                         ││                         ││                        │"
"└─────────────────────────┘└─────────────────────────┘└────────────────────────┘"
" [ + New card ]  [ Open card ]  [ Archive card ][ + New column ][ Edit column ] "
" [ Delete column ]    [ Move column ]       [ Template ]         [ ? Help ]     "
