---
source: crates/board-tui/tests/snapshots.rs
expression: "render(&mut d, 80, 24)"
---
"┌ Help — all keybindings (any key to close) ───────────────────────────────────┐"
"│  ←/→ h/l    focus column                c          add comment               │"
"│  ↑/↓ k/j    focus card                  o          jump to pane (stub)       │"
"│  n          new card                    x          cancel run                │"
"│  N          new column                  r          retry run                 │"
"│  e          edit card                  forms                                 │"
"│  E          edit focused column         Tab        next field                │"
"│  d          delete card                 Shift+Tab  previous field            │"
"│  D          delete column (move cards   ←/→ Space  cycle a picker field      │"
"│  m          move card (column picker)   Ctrl+E     edit textarea in $EDITOR  │"
"│  H / L      shove card left / right     Enter      submit                    │"
"│  Enter      card detail                 Esc        cancel                    │"
"│  T          apply template (empty boar mouse                                 │"
"│  R          refresh                     click      focus card/column         │"
"│  ?          this help                   dbl-click  open card detail          │"
"│  q / Esc    back / quit                 drag       move card / reorder column│"
"│ card detail                             wheel      scroll cards              │"
"│                                                                              │"
"│                                                                              │"
"│                                                                              │"
"│                                                                              │"
"│                                                                              │"
"│                                                                              │"
"any key to close───────────────────────────────────────────────────────────────┘"
