---
source: crates/board-tui/tests/snapshots.rs
expression: "render(&mut d, 120, 35)"
---
" ◈ herdr-board                                                                                              ● 1 running "
"                              [ Board: Global ▾ ]                               Visible: [ Active ] [ All ] [ Archived ]"
"────────────────────────────────────────────────────────────────────────────────────────────────────────────────────────"
"┌ Card #5: Refactor auth module                                                                             [ X ] [ □ ]┐"
"│┌Status──────────────────────────────────────────────────────────────────────────────────────────────────────────────┐│"
"││✗ failed                                                                                                            ││"
"│└────────────────────────────────────────────────────────────────────────────────────────────────────────────────────┘│"
"│┌Task Configuration──────────────────────────────────────────────────────────────────────────────────────────────────┐│"
"││Harness · Model: claude · opus · effort medium · perm plan                                                          ││"
"│└────────────────────────────────────────────────────────────────────────────────────────────────────────────────────┘│"
"│┌Session─────────────────────────────────────────────────────────────────────────────────────────────────────────────┐│"
"││Herdr session: default · Space: workspace:-                                                                         ││"
"│└────────────────────────────────────────────────────────────────────────────────────────────────────────────────────┘│"
"│┌Description─────────────────────────────────────────────────────────────────────────────────────────────────────────┐│"
"││Split the auth module into token + session layers.                                                                  ││"
"││                                                                                                                    ││"
"││                                                                                                                    ││"
"││                                                                                                                    ││"
"││                                                                                                                    ││"
"││                                                                                                                    ││"
"│└────────────────────────────────────────────────────────────────────────────────────────────────────────────────────┘│"
"│                       [ Edit card ]                                            [ Archive card ]                      │"
"│┌Comments ↑──────────────────────────────────────────────────────────────────────────────────────────────────────────┐│"
"││▸[system] Refactor failed in 3m10s -> Execute                                                                       ││"
"││                                                                                                                    ││"
"││                                                                                                                    ││"
"││      [ Add comment ]              [ Edit comment ]             [ Delete comment ]               [ History ]        ││"
"│└────────────────────────────────────────────────────────────────────────────────────────────────────────────────────┘│"
"│┌Runs ↑──────────────────────────────────────────────────────────────────────────────────────────────────────────────┐│"
"││ #3 claude · fail · 0s                                                                                              ││"
"││              [ Open ]                               [ Retry ]                              [ Cancel ]              ││"
"│└────────────────────────────────────────────────────────────────────────────────────────────────────────────────────┘│"
"└──────────────────────────────────────────────────────────────────────────────────────────────────────────────────────┘"
" [ + Card ]  [ Open card ]  [ Archive ] [ + Column ]  [ Edit col ]  [ Del col ] [ Move col ]  [ Template ]  [ ? Help ]  "
"q/Esc close · f popup/fullscreen · ? help                                                                               "
