---
source: crates/board-tui/tests/snapshots.rs
expression: "render(&mut d, 80, 24)"
---
" ◈ herdr-board ● 1 running     [ Global ▾ ]      [ Active ] [ All ] [ Archived ]"
"────────────────────────────────────────────────────────────────────────────────"
"┌ Card #9: Wrap demo                                                [ X ] [ □ ]┐"
"│┌Status──────────────────────────────────────────────────────────────────────┐│"
"││· idle                                                                      ││"
"│└────────────────────────────────────────────────────────────────────────────┘│"
"│┌Task Configuration──────────────────────────────────────────────────────────┐│"
"││Harness · Model: claude · default · effort default · perm default           ││"
"│└────────────────────────────────────────────────────────────────────────────┘│"
"│┌Session─────────────────────────────────────────────────────────────────────┐│"
"││Herdr session: default · Space: workspace:-                                 ││"
"│└────────────────────────────────────────────────────────────────────────────┘│"
"│             [ Edit card ]                        [ Archive card ]            │"
"│┌Comments ↑──────────────────────────────────────────────────────────────────┐│"
"││multiple rows instead of being truncated to a single ellipsized line,       ││"
"││demonstrating per-comment word wrap at the section border.                  ││"
"││ [ Add comment ]    [ Edit comment ]   [ Delete comment ]     [ History ]   ││"
"│└────────────────────────────────────────────────────────────────────────────┘│"
"│┌Runs────────────────────────────────────────────────────────────────────────┐│"
"││        [ Open ]                 [ Retry ]                 [ Cancel ]       ││"
"│└────────────────────────────────────────────────────────────────────────────┘│"
"└──────────────────────────────────────────────────────────────────────────────┘"
" [ + New card ]  [ Open card ]  [ Archive card ][ + New column ][ Edit column ] "
" [ Delete column ]    [ Move column ]       [ Template ]         [ ? Help ]     "
