---
source: crates/board-tui/tests/snapshots.rs
expression: "render_sized(&mut d, w, h)"
---
"┌ Card #5: Refactor auth modu… [Close] [Fullscreen]┐"
"│┌Status──────────────────────────────────────────┐│"
"││✗ failed                                        ││"
"│└────────────────────────────────────────────────┘│"
"│┌Task Configuration──────────────────────────────┐│"
"││Harness · Model: claude · opus · effort medium ·││"
"│└────────────────────────────────────────────────┘│"
"│┌Session─────────────────────────────────────────┐│"
"││Herdr session: default · Space: workspace:-     ││"
"│└────────────────────────────────────────────────┘│"
"│┌Description─────────────────────────────────────┐│"
"│└────────────────────────────────────────────────┘│"
"│      [ Edit card ]          [ Archive card ]     │"
"│┌Comments ↑↓─────────────────────────────────────┐│"
"││ [agent:2] Reviewer: tests missing for token    ││"
"││refresh                                         ││"
"││Add commentefactEditailed iDeletes -> ExHistory ││"
"│└────────────────────────────────────────────────┘│"
"│┌Runs ↑──────────────────────────────────────────┐│"
"││ #3 claude · fail · 0s                          ││"
"││ [ Open pane ]    [ Retry run ]  [ Cancel run ] ││"
"│└────────────────────────────────────────────────┘│"
"└──────────────────────────────────────────────────┘"
"? help                                              "
