---
source: crates/board-tui/tests/snapshots.rs
expression: "render(&mut d, 80, 24)"
---
" ◈ herdr-board                                                      ● 1 running "
"[ Board: Global ▾ ]                                [Active] [All] [Archived]    "
"────────────────────────────────────────────────────────────────────────────────"
"┌ TODO · MANUAL · 0 ──────┐┌ PLAN · AUTO · 1 ────────┐┌ EXECUTE · AUTO · 3 ────┐"
"│                         ││┌───────────────────────┐││┌──────────────────────┐│"
"│                         │││▶ #2 Add retry to MELI…││││⧗ #3 Fix flaky test   ││"
"│                         │││▶ running · 2m0s       ││││⧗ queued              ││"
"│                         │││claude… [Edit] [Delete]││││claude [Edit] [Delete]││"
"│                         ││└───────────────────────┘││└──────────────────────┘│"
"│                         ││                         ││┌──────────────────────┐│"
"│                         ││                         │││⏸ #4 Investigate crash││"
"│                         ││                         │││⏸ blocked             ││"
"│                         ││                         │││claude [Edit] [Delete]││"
"│                         ││                         ││└──────────────────────┘│"
"│                         ││                         ││┌──────────────────────┐│"
"│                         ││                         │││· #1 Update docs      ││"
"│                         ││                         │││· idle                ││"
"│                         ││                         │││claude [Edit] [Delete]││"
"│                         ││                         ││└──────────────────────┘│"
"│                         ││                         ││                        │"
"└─────────────────────────┘└─────────────────────────┘└────────────────────────┘"
" [ + New card ]   [ Open card ] [ Archive card ][ + New column ] [ Edit column ]"
"  [ Delete column ]    [ Move column ]      [ Template ]         [ ? Help ]     "
"drag card to move · double-click to open                                        "
