---
source: crates/board-tui/tests/snapshots.rs
assertion_line: 1436
expression: "render_sized(&mut d, w, h)"
---
" ◈ herdr-board ● 1 running [  ▾ ][ … ▾ ] [ A ] [ All ] [ R ]"
"────────────────────────────────────────────────────────────"
"┌ TODO · MANUAL · 1 ─────────┐┌ PLAN · AUTO · 1 ───────────┐"
"│┌──────────────────────────┐││┌──────────────────────────┐│"
"││#1 Update docs            ││││#2 Add retry to MELI scra…││"
"││· idle                    ││││▶ running · 2m0s          ││"
"││claude                    ││││claude · eff: high        ││"
"│└──────────────────────────┘││└──────────────────────────┘│"
"│                            ││                            │"
"│      ┌ Switch board · Global [ACTIVE] ──────[ X ]─┐      │"
"│      │›main                                       │      │"
"│      │ ⇄ Other projects…                          │      │"
"│      │ ＋ New board                               │      │" Hidden by multi-width symbols: [(10, " ")]
"│      │    v:cycle a:archive r:restore [ACTIVE]    │      │"
"│      └────────────────────────────────────────────┘      │"
"│                            ││                            │"
"│                            ││                            │"
"│                            ││                            │"
"│                            ││                            │"
"│                            ││                            │"
"│                            ││                            │"
"└────────────────────────────┘└────────────────────────────┘"
" [ + Card ]   [ Open ]  [ Archive ] [ + Column ][ Edit col ]"
"  [ Del col ]  [ Move column ] [ Template ]    [ ? Help ]   "
