---
source: crates/board-tui/tests/snapshots.rs
expression: "render(&mut d, 80, 24)"
---
"┌ Todo · 1 · manual ──────┐┌ Plan · 1 · auto ────────┐┌ Execute · 2 · auto ────┐"
"┌ New card (Tab: field · Enter: save · Esc: cancel) ───────────────────────────┐"
"│title                                                                         │"
"│▏                                                                             │"
"│description (base prompt)  (Ctrl+E: $EDITOR)                                  │"
"│                                                                              │"
"│                                                                              │"
"│                                                                              │"
"│harness                                                                       │"
"│< claude >                                                                    │"
"│model (sonnet/opus/haiku)                                                     │"
"│                                                                              │"
"│effort                                                                        │"
"│< (default) >                                                                 │"
"│permission                                                                    │"
"│< (default) >                                                                 │"
"│session                                                                       │"
"│< (default) >                                                                 │"
"│space                                                                         │"
"│< workspace >                                                                 │"
"│space ref                                                                     │"
"│                                                                              │"
"└──────────────────────────────────────────────────────────────────────────────┘"
" capabilities unavailable (harness.capabilities: stubbed failure); free-text    "
