---
source: crates/board-tui/tests/snapshots.rs
expression: "render_sized(&mut d, w, h)"
---
"┌ Help — all keybindings (any key to close) ───────────────┐"
"│  ←/→ h/l    focus column       a          archive / rest…│"
"│  ↑/↓ k/j    focus card         c          add comment    │"
"│  b          switch board       d          delete focused…│"
"│  n          new card           h          comment history│"
"│  N          new column         Tab        focus comments…│"
"│  e          edit card          ↑/↓ k/j    focus comment …│"
"│  E          edit focused c…    f / click  toggle popup /…│"
"│  a          archive / rest…    o          jump to pane   │"
"│  v          cycle active/a…    x          cancel run     │"
"│  d          delete card        r          retry run      │"
"│  D          delete/move co…   forms                      │"
"│  m          move card (boa…    Tab        next field     │"
"│  M          move focused c…    Shift+Tab  previous field │"
"│  H / L      shove card lef…    ←/→ Space  cycle a picker…│"
"│  Enter      card detail        Ctrl+E     edit textarea …│"
"│  T          apply template…    Enter      submit         │"
"│  r          refresh board      Esc        cancel         │"
"│  ?          this help         mouse                      │"
"│  q / Esc    back / quit        click      focus card/col…│"
"│ card detail                    dbl-click  open card deta…│"
"│  Enter      confirm done (…    drag       move card/reor…│"
"└──────────────────────────────────────────────────────────┘"
"? help                                                      "
