---
source: crates/board-tui/tests/snapshots.rs
expression: "render(&mut d, 80, 24)"
---
"┌ Todo (manual) ─────────┐┌ Plan (auto) ───────────┐┌ Execute (auto) ────────┐  "
"│Update docs┌ New card (Tab: field · Enter: save · Esc: cancel) ───┐         │  "
"│· idle     │title                                                 │         │  "
"│           │▏                                                     │         │  "
"│           │description (base prompt)  (Ctrl+E: $EDITOR)          │sh       │  "
"│           │                                                      │         │  "
"│           │                                                      │         │  "
"│           │                                                      │         │  "
"│           │harness                                               │         │  "
"│           │< claude >                                            │         │  "
"│           │model (sonnet/opus/haiku)                             │         │  "
"│           │                                                      │         │  "
"│           │effort                                                │         │  "
"│           │< none >                                              │         │  "
"│           │permission                                            │         │  "
"│           │< none >                                              │         │  "
"│           │space                                                 │         │  "
"│           │< workspace >                                         │         │  "
"│           │space ref                                             │         │  "
"│           │                                                      │         │  "
"│           │                                                      │         │  "
"│           └──────────────────────────────────────────────────────┘         │  "
"└────────────────────────┘└────────────────────────┘└────────────────────────┘  "
"Tab field · Ctrl+E editor · Enter save · Esc cancel                             "
