---
source: crates/board-tui/tests/snapshots.rs
expression: in_mode
---
" ◈ herdr-board ● 1 running                         [ Global ▾ ]                          [ Active ] [ All ] [ Archived ]"
"────────────────────────────────────────────────────────────────────────────────────────────────────────────────────────"
"┌ TODO · MANUAL · 1 ─────────┐┌ EXECUTE · AUTO · 2 ────────┐┌ PLAN · AUTO · 1 ───────────┐┌ REVIEW · AUTO · 2 ─────────┐"
"│┌──────────────────────────┐││┌──────────────────────────┐││┌──────────────────────────┐││┌──────────────────────────┐│"
"││#1 Update docs            ││││#3 Fix flaky test         ││││#2 Add retry to MELI scra…││││#5 Refactor auth module   ││"
"││· idle                    ││││⧗ queued                  ││││▶ running · 2m0s          ││││✗ failed                  ││"
"││claude                    ││││claude                    ││││claude · eff: high        ││││claude · eff: medium      ││"
"│└──────────────────────────┘││└──────────────────────────┘││└──────────────────────────┘││└──────────────────────────┘│"
"│                            ││┌──────────────────────────┐││                            ││┌──────────────────────────┐│"
"│                            │││#4 Investigate crash      │││                            │││#6 Tune retry backoff     ││"
"│                            │││⏸ blocked                 │││                            │││? awaiting                ││"
"│                            │││claude                    │││                            │││claude                    ││"
"│                            ││└──────────────────────────┘││                            ││└──────────────────────────┘│"
"│                            ││                            ││                            ││                            │"
"│                            ││                            ││                            ││                            │"
"│                            ││┌ Move column ─────────────────────────────────────[ X ]─┐││                            │"
"│                            │││[ ← Left ]            reorder Plan            [ Right… ]│││                            │"
"│                            │││                                                        │││                            │"
"│                            │││        [ Confirm ]                  [ Cancel ]         │││                            │"
"│                            ││└────────────────────────────────────────────────────────┘││                            │"
"│                            ││                            ││                            ││                            │"
"│                            ││                            ││                            ││                            │"
"│                            ││                            ││                            ││                            │"
"│                            ││                            ││                            ││                            │"
"│                            ││                            ││                            ││                            │"
"│                            ││                            ││                            ││                            │"
"│                            ││                            ││                            ││                            │"
"│                            ││                            ││                            ││                            │"
"│                            ││                            ││                            ││                            │"
"│                            ││                            ││                            ││                            │"
"│                            ││                            ││                            ││                            │"
"│                            ││                            ││                            ││                            │"
"│                            ││                            ││                            ││                            │"
"└────────────────────────────┘└────────────────────────────┘└────────────────────────────┘└────────────────────────────┘"
" [ + Card ]  [ Open card ]  [ Archive ] [ + Column ]  [ Edit col ]  [ Del col ] [ Move col ]  [ Template ]  [ ? Help ]  "
