---
source: crates/board-tui/tests/snapshots.rs
expression: "render(&mut d, 80, 24)"
---
" ◈ herdr-board ● 1 running     [ Global ▾ ]      [ Active ] [ All ] [ Archived ]"
"────────────────────────────────────────────────────────────────────────────────"
"┌ TODO · MANUAL · 0 ──────┐┌ PLAN · AUTO · 1 ────────┐┌ EXECUTE · AUTO · 3 ────┐"
"│                         ││┌───────────────────────┐││┌──────────────────────┐│"
"│                         │││#2 Add retry to MELI s…││││#3 Fix flaky test     ││"
"│                         │││▶ running · 2m0s       ││││⧗ queued              ││"
"│                         │││claude · eff: high     ││││claude                ││"
"│                         ││└───────────────────────┘││└──────────────────────┘│"
"│                         ││                         ││┌──────────────────────┐│"
"│                         ││                         │││#4 Investigate crash  ││"
"│                         ││                         │││⏸ blocked             ││"
"│                         ││                         │││claude                ││"
"│                         ││                         ││└──────────────────────┘│"
"│                         ││                         ││┌──────────────────────┐│"
"│                         ││                         │││#1 Update docs        ││"
"│                         ││                         │││· idle                ││"
"│                         ││                         │││claude                ││"
"│                         ││                         ││└──────────────────────┘│"
"│                         ││                         ││                        │"
"│                         ││                         ││                        │"
"│                         ││                         ││                        │"
"└─────────────────────────┘└─────────────────────────┘└────────────────────────┘"
" [ + New card ]  [ Open card ]  [ Archive card ][ + New column ][ Edit column ] "
" [ Delete column ]    [ Move column ]       [ Template ]         [ ? Help ]     "
