---
source: crates/board-tui/tests/snapshots.rs
expression: "render(&mut d, 80, 24)"
---
"┌ Todo (manual) ─────────┐                                                      "
"│                        │                                                      "
"│                        │                                                      "
"│                        │                                                      "
"│                        │                                                      "
"│                        │                                                      "
"│                        │                                                      "
"│                        │                                                      "
"│                        │                                                      "
"│                        │                                                      "
"│                        │       Board is empty.                                "
"│                      N: new column  ·  T: apply template                      "
"│                        │                                                      "
"│                        │                                                      "
"│                        │                                                      "
"│                        │                                                      "
"│                        │                                                      "
"│                        │                                                      "
"│                        │                                                      "
"│                        │                                                      "
"│                        │                                                      "
"│                        │                                                      "
"└────────────────────────┘                                                      "
"n new · N col · e edit · d del · D delcol · m move · Enter detail · ? help · q …"
