---
source: crates/board-tui/tests/snapshots.rs
expression: output
---
"┌ TODO · MANUAL · 2 ─────────┐┌ PLAN · AUTO · 1 ───────────┐┌ EXECUTE · AUTO · 2 ────────┐┌ REVIEW · AUTO · 2 ─────────┐"
"│┌──────────────────────────┐││┌──────────────────────────┐││┌──────────────────────────┐││┌──────────────────────────┐│"
"││· #1 Update docs──────────││││▶ #2 Add retry to MELI sc…││││⧗ #3 Fix flaky test───────││││✗ #5 Refactor auth module─││"
"││· idle    ┌ Edit card  ·  f: fullscreen  ·  Tab: field · Enter: save · Esc: cancel ──────────────────────┐          ││"
"││claude    │┌────────────────────────────────────────────────────────────────────────────────────────────┐│] [Delete]││"
"│└──────────│  title                                                                                       │──────────┘│"
"│┌──────────│Long description demo                                                                         │──────────┐│"
"││· #9 Long │▌ description (base prompt) [$EDITOR]                                                         │backoff   ││"
"││· idle    │▏This is the first paragraph of an intentionally long card description that must word-wrap    │          ││"
"││claude    │across many rendered rows instead of being cut off, which is exactly the bug this change fixes│] [Delete]││"
"│└──────────│for multiline text fields inside the edit form.                                               │──────────┘│"
"│           │This second paragraph, introduced by an explicit newline, is also long enough to wrap multiple│           │"
"│           │┌────────────────────────────────────────────────────────────────────────────────────────────┐│           │"
"│           │  harness                                                                                     │           │"
"│           │[‹]  claude  [›]                                                                              │           │"
"│           │  model                                                                                       │           │"
"│           │[‹]  (default)  [›]                                                                           │           │"
"│           │  effort                                                                                      │           │"
"│           │[‹]  (default)  [›]                                                                           │           │"
"│           │  permission                                                                                  │           │"
"│           │[‹]  (default)  [›]                                                                           │           │"
"│           │┌────────────────────────────────────────────────────────────────────────────────────────────┐│           │"
"│           │  session                                                                                     │           │"
"│           │[‹]  (default)  [›]                                                                           │           │"
"│           │  space                                                                                       │           │"
"│           │[‹]  workspace  [›]                                                                           │           │"
"│           │  space ref                                                                                   │           │"
"│           │[‹]  MELI scraper (w4)  [›]                                                                   │           │"
"│           │                                                                                              │           │"
"│           │                   [ Save ]                                      [ Cancel ]                   │           │"
"│           └──────────────────────────────────────────────────────────────────────────────────────────────┘           │"
"│                            ││                            ││                            ││                            │"
"│                            ││                            ││                            ││                            │"
"└────────────────────────────┘└────────────────────────────┘└────────────────────────────┘└────────────────────────────┘"
"Tab fields · Enter save · Esc cancel                                                                                    "
